C51 COMPILER V9.54   LCD12864                                                              04/14/2026 16:26:11 PAGE 1   


C51 COMPILER V9.54, COMPILATION OF MODULE LCD12864
OBJECT MODULE PLACED IN .\Objects\LCD12864.obj
COMPILER INVOKED BY: C:\Keil_v5\C51\BIN\C51.EXE LCD12864.c OPTIMIZE(8,SPEED) BROWSE DEBUG OBJECTEXTEND PRINT(.\Listings\
                    -LCD12864.lst) OBJECT(.\Objects\LCD12864.obj)

line level    source

   1          #include "pubilc.h"
   2          
   3          //管脚定义
   4          sbit LCD12864_RS  = P2^6;//数据命令选择
   5          sbit LCD12864_WR  = P2^5;//读写选择
   6          sbit LCD12864_E   = P2^7;//使能信号
   7          sbit LCD12864_PSB = P3^2;//8位或4并口/串口选择
   8          
   9          #define LCD12864_DATAPORT       P0      //LCD12864数据端口定义
  10          #define Busy               0x80 //用于检测LCD状态字中的Busy标识
  11          
  12          void LCD12864_Write_Cmd(unsigned char cmd,BuysC);
  13          void LCD12864_Write_Data(unsigned char dat);
  14          unsigned char LCD12864_Check_Status(void);
  15          void LCD12864_Init(void);
  16          void LCD12864_Clear(void);
  17          void LCD_Flash(void);
  18          void LCD12864_Show_String(unsigned char x,unsigned char y,unsigned char *str);
  19          void LCD12864_Show_Onechar(unsigned char x, unsigned char y, unsigned char DData);
  20          void LCD12864_Show_Image (unsigned char code *DData);
  21          void LCD12864_Set_Location(unsigned char x, unsigned char y);
  22          
  23          //写指令
  24          void LCD12864_Write_Cmd(unsigned char cmd,BuysC)
  25          {
  26   1              if (BuysC) LCD12864_Check_Status(); //根据需要检测忙 
  27   1              LCD12864_RS=0;//选择命令
  28   1              LCD12864_WR=0;//选择写
  29   1              LCD12864_DATAPORT=cmd;//准备命令
  30   1              Delay_10us(1);
  31   1              LCD12864_E=1;
  32   1              LCD12864_E=1;
  33   1              LCD12864_E=1;//使能脚E先上升沿写入
  34   1              LCD12864_E=0;//使能脚E后负跳变完成写入
  35   1      }
  36          
  37          //写数据
  38          void LCD12864_Write_Data(unsigned char dat)
  39          {
  40   1              LCD12864_Check_Status(); //检测忙
  41   1              LCD12864_RS=1;//选择数据
  42   1              LCD12864_WR=0;//选择写
  43   1              LCD12864_DATAPORT=dat;//准备数据
  44   1              Delay_10us(1);
  45   1              LCD12864_E=1;
  46   1              LCD12864_E=1;
  47   1              LCD12864_E=1;//使能脚E先上升沿写入
  48   1              LCD12864_E=0;//使能脚E后负跳变完成写入
  49   1      }
  50          
  51          //读状态
  52          unsigned char LCD12864_Check_Status(void)
  53          {
  54   1               LCD12864_DATAPORT = 0xFF; 
C51 COMPILER V9.54   LCD12864                                                              04/14/2026 16:26:11 PAGE 2   

  55   1               LCD12864_RS = 0;
  56   1               LCD12864_WR = 1; 
  57   1               LCD12864_E = 1;
  58   1               while (LCD12864_DATAPORT & Busy); //检测忙信号
  59   1               LCD12864_E = 0;
  60   1               return(LCD12864_DATAPORT);
  61   1      }
  62          
  63          //LCD初始化
  64          void LCD12864_Init(void)
  65          {
  66   1              //LCD12864_PSB=1;//选择8位或4位并口方式
  67   1              LCD12864_Write_Cmd(0x30,1);//数据总线8位，基本指令操作
  68   1              LCD12864_Write_Cmd(0x01,1);
  69   1              LCD12864_Write_Cmd(0x06,1);//写入新数据后光标右移，显示屏不移动
  70   1              LCD12864_Write_Cmd(0x0c,1);
  71   1      }
  72          //LCD清屏
  73          void LCD12864_Clear(void)
  74          {
  75   1              LCD12864_Write_Cmd(0x01,1);     
  76   1              LCD12864_Write_Cmd(0x34,1);     
  77   1              LCD12864_Write_Cmd(0x30,1);     
  78   1      } 
  79          //LCD写入位置，用于显示位置变化的字符
  80          void LCD12864_Set_Location(unsigned char x, unsigned char y)
  81          {
  82   1              unsigned char addr;                                                             //光标RAM地址
  83   1              
  84   1              switch (y)
  85   1              {
  86   2                      case 0: addr = 0x80 + x; break;         //设置光标在屏幕第一行x位置汉字位
  87   2                      case 1: addr = 0x90 + x; break;         //设置光标在屏幕第二行x位置汉字位
  88   2                      case 2: addr = 0x88 + x; break;         //设置光标在屏幕第三行x位置汉字位
  89   2                      case 3: addr = 0x98 + x; break;         //设置光标在屏幕第四行x位置汉字位
  90   2                      default: break;
  91   2              }
  92   1              LCD12864_Write_Cmd(addr,1);                             //将光标RAM地址作为指令写入液晶 
  93   1              Delay_10us(10);                                                 //延时
  94   1      }
  95          
  96          //LCD闪烁
  97          void LCD_Flash(void)    //闪烁效果
  98          {
  99   1               LCD12864_Write_Cmd(0x08,1); //显示清屏
 100   1               Delay_ms(400);
 101   1               LCD12864_Write_Cmd(0x0c,1); // 显示开及光标设置
 102   1               Delay_ms(400);
 103   1               LCD12864_Write_Cmd(0x08,1); //显示清屏
 104   1               Delay_ms(400);
 105   1               LCD12864_Write_Cmd(0x0c,1); // 显示开及光标设置
 106   1               Delay_ms(400);
 107   1               LCD12864_Write_Cmd(0x08,1); //显示清屏
 108   1               Delay_ms(400);
 109   1      }
 110          
 111          //第一种
 112          //lcd12864_clear();
 113          //lcd12864_show_string(0,0,"Hello World!");//第1行字符串显示
 114          //delay_ms(400);
 115          //delay_ms(400);
 116          //第二种
C51 COMPILER V9.54   LCD12864                                                              04/14/2026 16:26:11 PAGE 3   

 117          //unsigned char  uctech[] = {"大雄电子营业部"};
 118          //lcd12864_clear();
 119          //lcd12864_show_string(0,0,uctech);     //显示字库中的中文数字
 120          //delay_ms(400);
 121          //delay_ms(400);
 122          void LCD12864_Show_String(unsigned char x,unsigned char y,unsigned char *str)
 123          {
 124   1              if(y<=0)y=0;
 125   1              if(y>3)y=3;
 126   1              x&=0x0f;        //限制x,y不能大于显示范围
 127   1      
 128   1              switch(y)
 129   1              {
 130   2                      case 0: x|=0x80;break;//第1行地址+x的偏移
 131   2                      case 1: x|=0x90;break;//第2行地址+x的偏移
 132   2                      case 2: x|=0x88;break;//第3行地址+x的偏移
 133   2                      case 3: x|=0x98;break;//第4行地址+x的偏移
 134   2              }
 135   1              LCD12864_Write_Cmd(x,1);
 136   1              while(*str!='\0')
 137   1              {
 138   2                      LCD12864_Write_Data(*str);
 139   2                      str++;          
 140   2              }       
 141   1      } 
 142          
 143          //lcd12864_clear();
 144          //lcd12864_show_onechar(0,0,0x41);
 145          //delay_ms(400);
 146          //delay_ms(400);
 147          //按指定位置显示一个字符
 148          void LCD12864_Show_Onechar(unsigned char x, unsigned char y, unsigned char DData)
 149          {
 150   1              if(y<=0)y=0;
 151   1              if(y>3)y=3;
 152   1              x&=0x0f;        //限制x,y不能大于显示范围
 153   1      
 154   1              switch(y)
 155   1              {
 156   2                      case 0: x|=0x80;break;//第1行地址+x的偏移
 157   2                      case 1: x|=0x90;break;//第2行地址+x的偏移
 158   2                      case 2: x|=0x88;break;//第3行地址+x的偏移
 159   2                      case 3: x|=0x98;break;//第4行地址+x的偏移
 160   2              }
 161   1              LCD12864_Write_Cmd(x,0); //这里不检测忙信号，发送地址码
 162   1              LCD12864_Write_Data(DData);
 163   1      }
 164          
 165          //图形显示128*64
 166          void LCD12864_Show_Image (unsigned char code *DData)
 167          {
 168   1              unsigned char x,y,i;
 169   1              unsigned int tmp=0;
 170   1              
 171   1              LCD12864_Write_Cmd(0x34,1);  // 关闭绘图显示，进入指令模式
 172   1          LCD12864_Write_Cmd(0x36,1);  // 打开绘图模式
 173   1              
 174   1              for(i=0;i<9;){          //分两屏，上半屏和下半屏，因为起始地址不同，需要分开
 175   2                      for(x=0;x<32;x++){                              //32行
 176   3                              LCD12864_Write_Cmd((0x80+x),1);//列地址
 177   3                              LCD12864_Write_Cmd((0x80+i),1); //行地址，下半屏，即第三行地址0X88      
 178   3                              for(y=0;y<16;y++)
C51 COMPILER V9.54   LCD12864                                                              04/14/2026 16:26:11 PAGE 4   

 179   3                              {
 180   4                                      LCD12864_Write_Data(DData[tmp+y]);//读取数据写入LCD
 181   4                              }
 182   3                              tmp+=16;                
 183   3                      }
 184   2                      i+=8;
 185   2              }
 186   1              LCD12864_Write_Cmd(0x36,1);     //扩充功能设定
 187   1              LCD12864_Write_Cmd(0x30,1);
 188   1      }
 189          
 190          
 191          
 192          
 193          
 194          //轨道一的统一使用函数
 195          void LCD12864_Show_ImageTrack1 (unsigned char code *DData,unsigned char i)
 196          {
 197   1              unsigned char x,y;
 198   1              unsigned int tmp=0;
 199   1              
 200   1              LCD12864_Write_Cmd(0x34,1);  // 关闭绘图显示，进入指令模式
 201   1          LCD12864_Write_Cmd(0x36,1);  // 打开绘图模式
 202   1              
 203   1              //分两屏，上半屏和下半屏，因为起始地址不同，需要分开
 204   1              for(x=13;x<29;x++){                             //32行
 205   2                      LCD12864_Write_Cmd((0x80+x),1);//列地址
 206   2                      LCD12864_Write_Cmd((0x80+i),1); //行地址        
 207   2                      for(y=0;y<2;y++)
 208   2                      {
 209   3                              LCD12864_Write_Data(DData[tmp+y]);//读取数据写入LCD
 210   3                      }
 211   2                      tmp+=2;         
 212   2              }
 213   1              LCD12864_Write_Cmd(0x36,1);     //扩充功能设定
 214   1              LCD12864_Write_Cmd(0x30,1);
 215   1      }
 216          //轨道二的统一使用函数
 217          void LCD12864_Show_ImageTrack2 (unsigned char code *DData,unsigned char z)
 218          {
 219   1              unsigned char x,y,i;
 220   1              unsigned int tmp=0;
 221   1              
 222   1              LCD12864_Write_Cmd(0x34,1);  // 关闭绘图显示，进入指令模式
 223   1          LCD12864_Write_Cmd(0x36,1);  // 打开绘图模式
 224   1              
 225   1              for(i=0;i<9;)//分两屏，上半屏和下半屏，因为起始地址不同，需要分开
 226   1              {               
 227   2                      if(i==0)
 228   2                      {
 229   3                              for(x=30;x<32;x++)//32行
 230   3                              {                               
 231   4                                      LCD12864_Write_Cmd((0x80+x),1);//列地址
 232   4                                      LCD12864_Write_Cmd((0x80+i+z),1);       //行地址，下半屏，即第三行地址0X88      
 233   4                                      for(y=0;y<2;y++)
 234   4                                      {
 235   5                                              LCD12864_Write_Data(DData[tmp+y]);//读取数据写入LCD
 236   5                                      }
 237   4                                      tmp+=2;         
 238   4                              }
 239   3                      }
 240   2                      else
C51 COMPILER V9.54   LCD12864                                                              04/14/2026 16:26:11 PAGE 5   

 241   2                      {
 242   3                              for(x=0;x<14;x++)//32行
 243   3                              {                               
 244   4                                      LCD12864_Write_Cmd((0x80+x),1);//列地址
 245   4                                      LCD12864_Write_Cmd((0x80+i+z),1);       //行地址，下半屏，即第三行地址0X88      
 246   4                                      for(y=0;y<2;y++)
 247   4                                      {
 248   5                                              LCD12864_Write_Data(DData[tmp+y]);//读取数据写入LCD
 249   5                                      }
 250   4                                      tmp+=2;
 251   4                              }
 252   3                      }
 253   2                      i+=8;
 254   2              }
 255   1              LCD12864_Write_Cmd(0x36,1);     //扩充功能设定
 256   1              LCD12864_Write_Cmd(0x30,1);
 257   1      }
 258          //轨道三的统一使用函数
 259          void LCD12864_Show_ImageTrack3 (unsigned char code *DData,unsigned char i)
 260          {
 261   1              unsigned char x,y;
 262   1              unsigned int tmp=0;
 263   1              
 264   1              LCD12864_Write_Cmd(0x34,1);  // 关闭绘图显示，进入指令模式
 265   1          LCD12864_Write_Cmd(0x36,1);  // 打开绘图模式
 266   1              
 267   1              //分两屏，上半屏和下半屏，因为起始地址不同，需要分开
 268   1              for(x=15;x<31;x++){                             //32行
 269   2                      LCD12864_Write_Cmd((0x80+x),1);//列地址
 270   2                      LCD12864_Write_Cmd((0x80+8+i),1);       //行地址，下半屏，即第三行地址0X88      
 271   2                      for(y=0;y<2;y++)
 272   2                      {
 273   3                              LCD12864_Write_Data(DData[tmp+y]);//读取数据写入LCD
 274   3                      }
 275   2                      tmp+=2;         
 276   2              }
 277   1              LCD12864_Write_Cmd(0x36,1);     //扩充功能设定
 278   1              LCD12864_Write_Cmd(0x30,1);
 279   1      }
 280          
 281          
 282          
 283          
 284          
 285          
 286          
 287          
 288          
 289          


MODULE INFORMATION:   STATIC OVERLAYABLE
   CODE SIZE        =   1007    ----
   CONSTANT SIZE    =   ----    ----
   XDATA SIZE       =   ----    ----
   PDATA SIZE       =   ----    ----
   DATA SIZE        =   ----      36
   IDATA SIZE       =   ----    ----
   BIT SIZE         =   ----    ----
END OF MODULE INFORMATION.


C51 COMPILATION COMPLETE.  0 WARNING(S),  0 ERROR(S)
