C51 COMPILER V9.54   LCD12864                                                              04/10/2026 14:23:00 PAGE 1   


C51 COMPILER V9.54, COMPILATION OF MODULE LCD12864
OBJECT MODULE PLACED IN .\Objects\LCD12864.obj
COMPILER INVOKED BY: C:\Keil_v5\C51\BIN\C51.EXE LCD12864.c OPTIMIZE(8,SPEED) BROWSE DEBUG OBJECTEXTEND PRINT(.\Listings\
                    -LCD12864.lst) OBJECT(.\Objects\LCD12864.obj)

line level    source

   1          #include "pubilc.h"
   2          
   3          //管脚定义
   4          sbit LCD12864_RS  = P2^6;//数据命令选择
   5          sbit LCD12864_WR  = P2^5;//读写选择
   6          sbit LCD12864_E   = P2^7;//使能信号
   7          sbit LCD12864_PSB = P3^2;//8位或4并口/串口选择
   8          
   9          #define LCD12864_DATAPORT       P0      //LCD12864数据端口定义
  10          #define Busy               0x80 //用于检测LCD状态字中的Busy标识
  11          
  12          void LCD12864_Write_Cmd(unsigned char cmd,BuysC);
  13          void LCD12864_Write_Data(unsigned char dat);
  14          unsigned char LCD12864_Check_Status(void);
  15          void LCD12864_Init(void);
  16          void LCD12864_Clear(void);
  17          void LCD_Flash(void);
  18          void LCD12864_Show_String(unsigned char x,unsigned char y,unsigned char *str);
  19          void LCD12864_Show_Onechar(unsigned char x, unsigned char y, unsigned char DData);
  20          void LCD12864_Show_Image (unsigned char code *DData);
  21          void LCD12864_Show_ImageTry (unsigned char code *DData);
  22          void LCD12864_Set_Location(unsigned char x, unsigned char y);
  23          
  24          
  25          
  26          //写指令
  27          void LCD12864_Write_Cmd(unsigned char cmd,BuysC)
  28          {
  29   1              if (BuysC) LCD12864_Check_Status(); //根据需要检测忙 
  30   1              LCD12864_RS=0;//选择命令
  31   1              LCD12864_WR=0;//选择写
  32   1              LCD12864_DATAPORT=cmd;//准备命令
  33   1              Delay_10us(1);
  34   1              LCD12864_E=1;
  35   1              LCD12864_E=1;
  36   1              LCD12864_E=1;//使能脚E先上升沿写入
  37   1              LCD12864_E=0;//使能脚E后负跳变完成写入
  38   1      }
  39          
  40          //写数据
  41          void LCD12864_Write_Data(unsigned char dat)
  42          {
  43   1              LCD12864_Check_Status(); //检测忙
  44   1              LCD12864_RS=1;//选择数据
  45   1              LCD12864_WR=0;//选择写
  46   1              LCD12864_DATAPORT=dat;//准备数据
  47   1              Delay_10us(1);
  48   1              LCD12864_E=1;
  49   1              LCD12864_E=1;
  50   1              LCD12864_E=1;//使能脚E先上升沿写入
  51   1              LCD12864_E=0;//使能脚E后负跳变完成写入
  52   1      }
  53          
  54          //读状态
C51 COMPILER V9.54   LCD12864                                                              04/10/2026 14:23:00 PAGE 2   

  55          unsigned char LCD12864_Check_Status(void)
  56          {
  57   1               LCD12864_DATAPORT = 0xFF; 
  58   1               LCD12864_RS = 0;
  59   1               LCD12864_WR = 1; 
  60   1               LCD12864_E = 1;
  61   1               while (LCD12864_DATAPORT & Busy); //检测忙信号
  62   1               LCD12864_E = 0;
  63   1               return(LCD12864_DATAPORT);
  64   1      }
  65          
  66          //LCD初始化
  67          void LCD12864_Init(void)
  68          {
  69   1              //LCD12864_PSB=1;//选择8位或4位并口方式
  70   1              LCD12864_Write_Cmd(0x30,1);//数据总线8位，基本指令操作
  71   1              LCD12864_Write_Cmd(0x01,1);
  72   1              LCD12864_Write_Cmd(0x06,1);//写入新数据后光标右移，显示屏不移动
  73   1              LCD12864_Write_Cmd(0x0c,1);
  74   1      }
  75          //LCD清屏
  76          void LCD12864_Clear(void)
  77          {
  78   1              LCD12864_Write_Cmd(0x01,1);     
  79   1              LCD12864_Write_Cmd(0x34,1);     
  80   1              LCD12864_Write_Cmd(0x30,1);     
  81   1      } 
  82          //LCD写入位置，用于显示位置变化的字符
  83          void LCD12864_Set_Location(unsigned char x, unsigned char y)
  84          {
  85   1              unsigned char addr;                                                             //光标RAM地址
  86   1              
  87   1              switch (y)
  88   1              {
  89   2                      case 0: addr = 0x80 + x; break;         //设置光标在屏幕第一行x位置汉字位
  90   2                      case 1: addr = 0x90 + x; break;         //设置光标在屏幕第二行x位置汉字位
  91   2                      case 2: addr = 0x88 + x; break;         //设置光标在屏幕第三行x位置汉字位
  92   2                      case 3: addr = 0x98 + x; break;         //设置光标在屏幕第四行x位置汉字位
  93   2                      default: break;
  94   2              }
  95   1              LCD12864_Write_Cmd(addr,1);                             //将光标RAM地址作为指令写入液晶 
  96   1              Delay_10us(10);                                                 //延时
  97   1      }
  98          
  99          //LCD闪烁
 100          void LCD_Flash(void)    //闪烁效果
 101          {
 102   1               LCD12864_Write_Cmd(0x08,1); //显示清屏
 103   1               Delay_ms(400);
 104   1               LCD12864_Write_Cmd(0x0c,1); // 显示开及光标设置
 105   1               Delay_ms(400);
 106   1               LCD12864_Write_Cmd(0x08,1); //显示清屏
 107   1               Delay_ms(400);
 108   1               LCD12864_Write_Cmd(0x0c,1); // 显示开及光标设置
 109   1               Delay_ms(400);
 110   1               LCD12864_Write_Cmd(0x08,1); //显示清屏
 111   1               Delay_ms(400);
 112   1      }
 113          
 114          //第一种
 115          //lcd12864_clear();
 116          //lcd12864_show_string(0,0,"Hello World!");//第1行字符串显示
C51 COMPILER V9.54   LCD12864                                                              04/10/2026 14:23:00 PAGE 3   

 117          //delay_ms(400);
 118          //delay_ms(400);
 119          //第二种
 120          //unsigned char  uctech[] = {"大雄电子营业部"};
 121          //lcd12864_clear();
 122          //lcd12864_show_string(0,0,uctech);     //显示字库中的中文数字
 123          //delay_ms(400);
 124          //delay_ms(400);
 125          void LCD12864_Show_String(unsigned char x,unsigned char y,unsigned char *str)
 126          {
 127   1              if(y<=0)y=0;
 128   1              if(y>3)y=3;
 129   1              x&=0x0f;        //限制x,y不能大于显示范围
 130   1      
 131   1              switch(y)
 132   1              {
 133   2                      case 0: x|=0x80;break;//第1行地址+x的偏移
 134   2                      case 1: x|=0x90;break;//第2行地址+x的偏移
 135   2                      case 2: x|=0x88;break;//第3行地址+x的偏移
 136   2                      case 3: x|=0x98;break;//第4行地址+x的偏移
 137   2              }
 138   1              LCD12864_Write_Cmd(x,1);
 139   1              while(*str!='\0')
 140   1              {
 141   2                      LCD12864_Write_Data(*str);
 142   2                      str++;          
 143   2              }       
 144   1      } 
 145          
 146          //lcd12864_clear();
 147          //lcd12864_show_onechar(0,0,0x41);
 148          //delay_ms(400);
 149          //delay_ms(400);
 150          //按指定位置显示一个字符
 151          void LCD12864_Show_Onechar(unsigned char x, unsigned char y, unsigned char DData)
 152          {
 153   1              if(y<=0)y=0;
 154   1              if(y>3)y=3;
 155   1              x&=0x0f;        //限制x,y不能大于显示范围
 156   1      
 157   1              switch(y)
 158   1              {
 159   2                      case 0: x|=0x80;break;//第1行地址+x的偏移
 160   2                      case 1: x|=0x90;break;//第2行地址+x的偏移
 161   2                      case 2: x|=0x88;break;//第3行地址+x的偏移
 162   2                      case 3: x|=0x98;break;//第4行地址+x的偏移
 163   2              }
 164   1              LCD12864_Write_Cmd(x,0); //这里不检测忙信号，发送地址码
 165   1              LCD12864_Write_Data(DData);
 166   1      }
 167          
 168          //图形显示128*64
 169          void LCD12864_Show_Image (unsigned char code *DData)
 170          {
 171   1              unsigned char x,y,i;
 172   1              unsigned int tmp=0;
 173   1              
 174   1              LCD12864_Write_Cmd(0x34,1);  // 关闭绘图显示，进入指令模式
 175   1          LCD12864_Write_Cmd(0x36,1);  // 打开绘图模式
 176   1              
 177   1              for(i=0;i<9;){          //分两屏，上半屏和下半屏，因为起始地址不同，需要分开
 178   2                      for(x=0;x<32;x++){                              //32行
C51 COMPILER V9.54   LCD12864                                                              04/10/2026 14:23:00 PAGE 4   

 179   3                              LCD12864_Write_Cmd((0x80+x),1);//列地址
 180   3                              LCD12864_Write_Cmd((0x80+i),1); //行地址，下半屏，即第三行地址0X88      
 181   3                              for(y=0;y<16;y++)
 182   3                              {
 183   4                                      LCD12864_Write_Data(DData[tmp+y]);//读取数据写入LCD
 184   4                              }
 185   3                              tmp+=16;                
 186   3                      }
 187   2                      i+=8;
 188   2              }
 189   1              LCD12864_Write_Cmd(0x36,1);     //扩充功能设定
 190   1              LCD12864_Write_Cmd(0x30,1);
 191   1      }
 192          
 193          
 194          
 195          //图形显示128*64
 196          void LCD12864_Show_ImageTry2 (unsigned char code *DData)
 197          {
 198   1              unsigned char x,y,i;
 199   1              unsigned int tmp=0;
 200   1              
 201   1              LCD12864_Write_Cmd(0x34,1);  // 关闭绘图显示，进入指令模式
 202   1          LCD12864_Write_Cmd(0x36,1);  // 打开绘图模式
 203   1              
 204   1              for(i=0;i<9;)//分两屏，上半屏和下半屏，因为起始地址不同，需要分开
 205   1              {               
 206   2                      if(i==0)
 207   2                      {
 208   3                              for(x=30;x<32;x++)//32行
 209   3                              {                               
 210   4                                      LCD12864_Write_Cmd((0x80+x),1);//列地址
 211   4                                      LCD12864_Write_Cmd((0x80+i),1); //行地址，下半屏，即第三行地址0X88      
 212   4                                      for(y=0;y<2;y++)
 213   4                                      {
 214   5                                              LCD12864_Write_Data(DData[tmp+y]);//读取数据写入LCD
 215   5                                      }
 216   4                                      tmp+=2;         
 217   4                              }
 218   3                      }
 219   2                      else
 220   2                      {
 221   3                              for(x=0;x<15;x++)//32行
 222   3                              {                               
 223   4                                      LCD12864_Write_Cmd((0x80+x),1);//列地址
 224   4                                      LCD12864_Write_Cmd((0x80+i),1); //行地址，下半屏，即第三行地址0X88      
 225   4                                      for(y=0;y<2;y++)
 226   4                                      {
 227   5                                              LCD12864_Write_Data(DData[tmp+y]);//读取数据写入LCD
 228   5                                      }
 229   4                                      tmp+=2;
 230   4                              }
 231   3                      }
 232   2                      i+=8;
 233   2              }
 234   1              LCD12864_Write_Cmd(0x36,1);     //扩充功能设定
 235   1              LCD12864_Write_Cmd(0x30,1);
 236   1      }
 237          
 238          
 239          //图形显示128*64
 240          void LCD12864_Show_ImageTry3 (unsigned char code *DData)
C51 COMPILER V9.54   LCD12864                                                              04/10/2026 14:23:00 PAGE 5   

 241          {
 242   1              unsigned char x,y;
 243   1              unsigned int tmp=0;
 244   1              
 245   1              LCD12864_Write_Cmd(0x34,1);  // 关闭绘图显示，进入指令模式
 246   1          LCD12864_Write_Cmd(0x36,1);  // 打开绘图模式
 247   1              
 248   1              //分两屏，上半屏和下半屏，因为起始地址不同，需要分开
 249   1              for(x=15;x<31;x++){                             //32行
 250   2                      LCD12864_Write_Cmd((0x80+x),1);//列地址
 251   2                      LCD12864_Write_Cmd((0x80+8),1); //行地址，下半屏，即第三行地址0X88      
 252   2                      for(y=0;y<2;y++)
 253   2                      {
 254   3                              LCD12864_Write_Data(DData[tmp+y]);//读取数据写入LCD
 255   3                      }
 256   2                      tmp+=2;         
 257   2              }
 258   1              LCD12864_Write_Cmd(0x36,1);     //扩充功能设定
 259   1              LCD12864_Write_Cmd(0x30,1);
 260   1      }
 261          
 262          
 263          
 264          //图形显示128*64
 265          void LCD12864_Show_ImageTry1 (unsigned char code *DData)
 266          {
 267   1              unsigned char x,y;
 268   1              unsigned int tmp=0;
 269   1              
 270   1              LCD12864_Write_Cmd(0x34,1);  // 关闭绘图显示，进入指令模式
 271   1          LCD12864_Write_Cmd(0x36,1);  // 打开绘图模式
 272   1              
 273   1              //分两屏，上半屏和下半屏，因为起始地址不同，需要分开
 274   1              for(x=13;x<30;x++){                             //32行
 275   2                      LCD12864_Write_Cmd((0x80+x),1);//列地址
 276   2                      LCD12864_Write_Cmd((0x80+0),1); //行地址，下半屏，即第三行地址0X88      
 277   2                      for(y=0;y<2;y++)
 278   2                      {
 279   3                              LCD12864_Write_Data(DData[tmp+y]);//读取数据写入LCD
 280   3                      }
 281   2                      tmp+=2;         
 282   2              }
 283   1              LCD12864_Write_Cmd(0x36,1);     //扩充功能设定
 284   1              LCD12864_Write_Cmd(0x30,1);
 285   1      }
 286          
 287          
 288          //图形显示128*64
 289          void LCD12864_Show_ImageTry22 (unsigned char code *DData)
 290          {
 291   1              unsigned char x,y,i;
 292   1              unsigned int tmp=0;
 293   1              
 294   1              LCD12864_Write_Cmd(0x34,1);  // 关闭绘图显示，进入指令模式
 295   1          LCD12864_Write_Cmd(0x36,1);  // 打开绘图模式
 296   1              
 297   1              for(i=0;i<9;)//分两屏，上半屏和下半屏，因为起始地址不同，需要分开
 298   1              {               
 299   2                      if(i==0)
 300   2                      {
 301   3                              for(x=30;x<32;x++)//32行
 302   3                              {                               
C51 COMPILER V9.54   LCD12864                                                              04/10/2026 14:23:00 PAGE 6   

 303   4                                      LCD12864_Write_Cmd((0x80+x),1);//列地址
 304   4                                      LCD12864_Write_Cmd((0x80+i+1),1);       //行地址，下半屏，即第三行地址0X88      
 305   4                                      for(y=0;y<2;y++)
 306   4                                      {
 307   5                                              LCD12864_Write_Data(DData[tmp+y]);//读取数据写入LCD
 308   5                                      }
 309   4                                      tmp+=2;         
 310   4                              }
 311   3                      }
 312   2                      else
 313   2                      {
 314   3                              for(x=0;x<15;x++)//32行
 315   3                              {                               
 316   4                                      LCD12864_Write_Cmd((0x80+x),1);//列地址
 317   4                                      LCD12864_Write_Cmd((0x80+i+1),1);       //行地址，下半屏，即第三行地址0X88      
 318   4                                      for(y=0;y<2;y++)
 319   4                                      {
 320   5                                              LCD12864_Write_Data(DData[tmp+y]);//读取数据写入LCD
 321   5                                      }
 322   4                                      tmp+=2;
 323   4                              }
 324   3                      }
 325   2                      i+=8;
 326   2              }
 327   1              LCD12864_Write_Cmd(0x36,1);     //扩充功能设定
 328   1              LCD12864_Write_Cmd(0x30,1);
 329   1      }
 330          
 331          
 332          //图形显示128*64
 333          void LCD12864_Show_ImageTry33 (unsigned char code *DData)
 334          {
 335   1              unsigned char x,y;
 336   1              unsigned int tmp=0;
 337   1              
 338   1              LCD12864_Write_Cmd(0x34,1);  // 关闭绘图显示，进入指令模式
 339   1          LCD12864_Write_Cmd(0x36,1);  // 打开绘图模式
 340   1              
 341   1              //分两屏，上半屏和下半屏，因为起始地址不同，需要分开
 342   1              for(x=15;x<31;x++){                             //32行
 343   2                      LCD12864_Write_Cmd((0x80+x),1);//列地址
 344   2                      LCD12864_Write_Cmd((0x80+9),1); //行地址，下半屏，即第三行地址0X88      
 345   2                      for(y=0;y<2;y++)
 346   2                      {
 347   3                              LCD12864_Write_Data(DData[tmp+y]);//读取数据写入LCD
 348   3                      }
 349   2                      tmp+=2;         
 350   2              }
 351   1              LCD12864_Write_Cmd(0x36,1);     //扩充功能设定
 352   1              LCD12864_Write_Cmd(0x30,1);
 353   1      }
 354          
 355          
 356          
 357          //图形显示128*64
 358          void LCD12864_Show_ImageTry11 (unsigned char code *DData)
 359          {
 360   1              unsigned char x,y;
 361   1              unsigned int tmp=0;
 362   1              
 363   1              LCD12864_Write_Cmd(0x34,1);  // 关闭绘图显示，进入指令模式
 364   1          LCD12864_Write_Cmd(0x36,1);  // 打开绘图模式
C51 COMPILER V9.54   LCD12864                                                              04/10/2026 14:23:00 PAGE 7   

 365   1              
 366   1              //分两屏，上半屏和下半屏，因为起始地址不同，需要分开
 367   1              for(x=13;x<30;x++){                             //32行
 368   2                      LCD12864_Write_Cmd((0x80+x),1);//列地址
 369   2                      LCD12864_Write_Cmd((0x80+1),1); //行地址，下半屏，即第三行地址0X88      
 370   2                      for(y=0;y<2;y++)
 371   2                      {
 372   3                              LCD12864_Write_Data(DData[tmp+y]);//读取数据写入LCD
 373   3                      }
 374   2                      tmp+=2;         
 375   2              }
 376   1              LCD12864_Write_Cmd(0x36,1);     //扩充功能设定
 377   1              LCD12864_Write_Cmd(0x30,1);
 378   1      }
 379          
 380          
 381          
 382          // 通用图片显示函数
 383          // 参数：
 384          // *DData  图片数据数组
 385          // imgW    图片宽度  (1~128)
 386          // imgH    图片高度  (1~64)
 387          // startX  显示起始X坐标(0~127)
 388          // startY  显示起始Y坐标(0~63)
 389          //void LCD12864_Show_Image_ANY(
 390          //    unsigned char code *DData,
 391          //    unsigned char IX,
 392          //    unsigned char IY,
 393          //    unsigned char SX,
 394          //    unsigned char SY
 395          //)
 396          //{
 397          //    unsigned char page, col;
 398          //    unsigned int tmp = 0;
 399          //    unsigned char endX, endY;
 400          
 401          //    // 边界保护（防止超出屏幕）
 402          //      while(IX+SX>128)
 403          //      {
 404          //              IX=IX-8;
 405          //      }
 406          //      while(IY+SY>64)
 407          //      {
 408          //              IY=IY-1;
 409          //      }
 410          //      
 411          //    LCD12864_Write_Cmd(0x34, 1);  // 关闭绘图显示，进入指令模式
 412          //    LCD12864_Write_Cmd(0x36, 1);  // 打开绘图模式
 413          
 414          //      for(x=SX;SX<SX+IX;)
 415          //      {
 416          //              for(y=SY;Y
 417          //    LCD12864_Write_Cmd(0x30, 1);  // 恢复基本指令模式
 418          //}
 419          
 420          
 421          //// 修复版：LCD12864 通用图片显示（支持任意尺寸，完整显示128×64）
 422          //// x   : 起始列 0~15
 423          //// y   : 起始行 0~63
 424          //// w   : 宽度（列数 1~16）
 425          //// h   : 高度（行数 1~64）
 426          //// dat : 图片数组
C51 COMPILER V9.54   LCD12864                                                              04/10/2026 14:23:00 PAGE 8   

 427          //void lcd_draw_image(unsigned char x, unsigned char y, unsigned char w, unsigned char h, unsigned char co
             -de *dat)
 428          //{
 429          //    unsigned int idx = 0;
 430          //    unsigned char i, j;
 431          //    unsigned char draw_w, draw_h;
 432          
 433          //    // 越界保护
 434          //    if(x >= 16 || y >= 64) return;
 435          //    draw_w = (x + w > 16) ? (16 - x) : w;
 436          //    draw_h = (y + h > 64) ? (64 - y) : h;
 437          //    if(draw_w <= 0 || draw_h <= 0) return;
 438          
 439          //    //lcd12864_write_cmd(0x34);
 440          //    lcd12864_write_cmd(0x36);
 441          
 442          //    // ========== 正确写法：上下半屏分开设置 Y 地址 ==========
 443          //    for(j = 0; j < draw_h; j++)
 444          //    {
 445          //        unsigned char cur_y = y + j;  // 当前行 0~63
 446          //        unsigned char y_addr;         // 硬件列地址（关键）
 447          
 448          //        // 12864 绘图硬件规则：
 449          //        if(cur_y < 32)
 450          //            y_addr = 0;    // 上半屏：Y 固定 = 0
 451          //        else
 452          //            y_addr = 8;    // 下半屏：Y 固定 = 8
 453          
 454          //        lcd12864_write_cmd(0x80 + cur_y);   // 写行地址（0~63）
 455          //        lcd12864_write_cmd(0x80 + x + y_addr);  // 写列地址：x(0~15) + 半屏基址(0/8)
 456          
 457          //        // 写入一行图像数据
 458          //        for(i = 0; i < draw_w; i++)
 459          //        {
 460          //            lcd12864_write_data(dat[idx++]);
 461          //        }
 462          //    }
 463          //    lcd12864_write_cmd(0x30);
 464          //}
 465          
 466          
 467          
 468          
 469          
 470          
 471          
 472          
 473          
 474          
 475          
 476          


MODULE INFORMATION:   STATIC OVERLAYABLE
   CODE SIZE        =   1446    ----
   CONSTANT SIZE    =   ----    ----
   XDATA SIZE       =   ----    ----
   PDATA SIZE       =   ----    ----
   DATA SIZE        =   ----      52
   IDATA SIZE       =   ----    ----
   BIT SIZE         =   ----    ----
END OF MODULE INFORMATION.

C51 COMPILER V9.54   LCD12864                                                              04/10/2026 14:23:00 PAGE 9   


C51 COMPILATION COMPLETE.  0 WARNING(S),  0 ERROR(S)
