C51 COMPILER V9.54   LCD12864                                                              04/07/2026 20:07:26 PAGE 1   


C51 COMPILER V9.54, COMPILATION OF MODULE LCD12864
OBJECT MODULE PLACED IN .\Objects\LCD12864.obj
COMPILER INVOKED BY: C:\Keil_v5\C51\BIN\C51.EXE LCD12864.c OPTIMIZE(8,SPEED) BROWSE DEBUG OBJECTEXTEND PRINT(.\Listings\
                    -LCD12864.lst) OBJECT(.\Objects\LCD12864.obj)

line level    source

   1          #include <REGX52.H>
   2          #include "Delay.h"
   3          
   4          //管脚定义
   5          sbit LCD12864_RS  = P2^6;//数据命令选择
   6          sbit LCD12864_WR  = P2^5;//读写选择
   7          sbit LCD12864_E   = P2^7;//使能信号
   8          sbit LCD12864_PSB = P3^2;//8位或4并口/串口选择
   9          
  10          #define LCD12864_DATAPORT       P0      //LCD12864数据端口定义
  11          #define Busy               0x80 //用于检测LCD状态字中的Busy标识
  12          
  13          unsigned char ReadStatusLCD(void);//检测是否繁忙
  14          void lcd12864_write_data(unsigned char dat);
  15          void lcd12864_write_cmd(unsigned char cmd,BuysC);
  16          void lcd12864_init(void);
  17          void lcd12864_clear(void);
  18          void DisplayImage (unsigned char code *DData);
  19          
  20          //写数据
  21          void lcd12864_write_data(unsigned char dat)
  22          {
  23   1              ReadStatusLCD(); //检测忙
  24   1              LCD12864_RS=1;//选择数据
  25   1              LCD12864_WR=0;//选择写
  26   1              LCD12864_DATAPORT=dat;//准备数据
  27   1              delay_10us(1);
  28   1              LCD12864_E=1;
  29   1              LCD12864_E=1;
  30   1              LCD12864_E=1;//使能脚E先上升沿写入
  31   1              LCD12864_E=0;//使能脚E后负跳变完成写入
  32   1      }
  33          
  34          //写指令
  35          void lcd12864_write_cmd(unsigned char cmd,BuysC)
  36          {
  37   1              if (BuysC) ReadStatusLCD(); //根据需要检测忙 
  38   1              LCD12864_RS=0;//选择命令
  39   1              LCD12864_WR=0;//选择写
  40   1              LCD12864_DATAPORT=cmd;//准备命令
  41   1              delay_10us(1);
  42   1              LCD12864_E=1;
  43   1              LCD12864_E=1;
  44   1              LCD12864_E=1;//使能脚E先上升沿写入
  45   1              LCD12864_E=0;//使能脚E后负跳变完成写入
  46   1      }
  47          
  48          //读状态
  49          unsigned char ReadStatusLCD(void)
  50          {
  51   1               LCD12864_DATAPORT = 0xFF; 
  52   1               LCD12864_RS = 0;
  53   1               LCD12864_WR = 1; 
  54   1               LCD12864_E = 1;
C51 COMPILER V9.54   LCD12864                                                              04/07/2026 20:07:26 PAGE 2   

  55   1               while (LCD12864_DATAPORT & Busy); //检测忙信号
  56   1               LCD12864_E = 0;
  57   1               return(LCD12864_DATAPORT);
  58   1      }
  59          
  60          void lcd12864_init(void)
  61          {
  62   1              //LCD12864_PSB=1;//选择8位或4位并口方式
  63   1              lcd12864_write_cmd(0x30,1);//数据总线8位，基本指令操作
  64   1              lcd12864_write_cmd(0x01,1);
  65   1              lcd12864_write_cmd(0x06,1);//写入新数据后光标右移，显示屏不移动
  66   1              lcd12864_write_cmd(0x0c,1);
  67   1      }
  68          
  69          void lcd12864_clear(void)
  70          {
  71   1              lcd12864_write_cmd(0x01,1);     
  72   1              lcd12864_write_cmd(0x34,1);     
  73   1              lcd12864_write_cmd(0x30,1);     
  74   1      } 
  75          
  76          
  77          //图形显示122*32
  78          void DisplayImage (unsigned char code *DData)
  79          {
  80   1              unsigned char x,y,i;
  81   1              unsigned int tmp=0;
  82   1              
  83   1              lcd12864_write_cmd(0x34,1);  // 关闭绘图显示，进入指令模式
  84   1          lcd12864_write_cmd(0x36,1);  // 打开绘图模式
  85   1              
  86   1              for(i=0;i<9;){          //分两屏，上半屏和下半屏，因为起始地址不同，需要分开
  87   2              for(x=0;x<32;x++)
  88   2              {                               //32行
  89   3                      //lcd12864_write_cmd(0x34,1);
  90   3                      lcd12864_write_cmd((0x80+x),1);//列地址
  91   3                      lcd12864_write_cmd((0x80+i),1); //行地址，下半屏，即第三行地址0X88
  92   3                      //lcd12864_write_cmd(0x30,1);           
  93   3                      for(y=0;y<16;y++)
  94   3                      {
  95   4                              lcd12864_write_data(DData[tmp+y]);//读取数据写入LCD
  96   4                              //delay_10us(1);
  97   4                      }
  98   3                      tmp+=16;                
  99   3              }
 100   2              i+=8;
 101   2              }
 102   1              lcd12864_write_cmd(0x36,1);     //扩充功能设定
 103   1              lcd12864_write_cmd(0x30,1);
 104   1      }
 105          


MODULE INFORMATION:   STATIC OVERLAYABLE
   CODE SIZE        =    278    ----
   CONSTANT SIZE    =   ----    ----
   XDATA SIZE       =   ----    ----
   PDATA SIZE       =   ----    ----
   DATA SIZE        =   ----       9
   IDATA SIZE       =   ----    ----
   BIT SIZE         =   ----    ----
END OF MODULE INFORMATION.

C51 COMPILER V9.54   LCD12864                                                              04/07/2026 20:07:26 PAGE 3   


C51 COMPILATION COMPLETE.  0 WARNING(S),  0 ERROR(S)
