C51 COMPILER V9.54   BULLET                                                                04/15/2026 18:15:50 PAGE 1   


C51 COMPILER V9.54, COMPILATION OF MODULE BULLET
OBJECT MODULE PLACED IN .\Objects\bullet.obj
COMPILER INVOKED BY: C:\Keil_v5\C51\BIN\C51.EXE bullet.c OPTIMIZE(8,SPEED) BROWSE DEBUG OBJECTEXTEND PRINT(.\Listings\bu
                    -llet.lst) OBJECT(.\Objects\bullet.obj)

line level    source

   1          #include "bullet.h"
   2          
   3          
   4          
   5          
   6          extern code unsigned char IMG_DATA_Empty[32];
   7          code u8 One_Bullet[] =
   8          {
   9              0x00,0x00,0x00,0x00,0x00,0x00,0x01,0x80,0x03,0xC0,0x03,0xC0,0x01,0x80,0x00,0x00,
  10              0x00,0x00,0x00,0x00,0x00,0x00,0x00,0x00,0x00,0x00,0x00,0x00,0x00,0x00,0x00,0x00, /*' ',0*/
  11          };
  12          code u8 Two_Bullet[] =
  13          {
  14              0x00,0x00,0x00,0x00,0x00,0x00,0x18,0x18,0x3C,0x3C,0x3C,0x3C,0x18,0x18,0x00,0x00,
  15              0x00,0x00,0x00,0x00,0x00,0x00,0x00,0x00,0x00,0x00,0x00,0x00,0x00,0x00,0x00,0x00, /*' ',0*/
  16          };
  17          
  18          typedef enum {
  19                  OEPL,
  20                  PLPL,
  21                  NOPL,
  22          } PlantState;
  23          
  24          u8 Position_Item_1=11;
  25          u8 Position_Item_2=21;
  26          u8 Position_Item_3=31;
  27          
  28          u8 addr_track1=13;
  29          u8 addr_track2=23;
  30          u8 addr_track3=33;
  31          
  32          // 轨道1
  33          PlantState Plant_state1 = NOPL;
  34          PlantState last_state1  = NOPL;
  35          static u8 bullet_pos1   = 2;
  36          
  37          // 轨道2
  38          PlantState Plant_state2 = NOPL;
  39          PlantState last_state2  = NOPL;
  40          static u8 bullet_pos2   = 2;
  41          
  42          // 轨道3
  43          PlantState Plant_state3 = NOPL;
  44          PlantState last_state3  = NOPL;
  45          static u8 bullet_pos3   = 2;
  46          
  47          
  48          void Bullet_Shoot1(void);
  49          void Bullet_Shoot2(void);
  50          void Bullet_Shoot3(void);
  51          void Change_Plant_state_All(void);
  52          
  53          
  54          void Bullet_Main(void)
C51 COMPILER V9.54   BULLET                                                                04/15/2026 18:15:50 PAGE 2   

  55          {
  56   1              Change_Plant_state_All();
  57   1              Bullet_Shoot1();
  58   1              Bullet_Shoot2();
  59   1              Bullet_Shoot3();
  60   1      }
  61          
  62          
  63          // ====================== 检测3个轨道的植物状态 ======================
  64          void Change_Plant_state_All(void)
  65          {
  66   1          // 所有变量必须定义在函数最顶部！
  67   1          unsigned char left1, right1, pot1;
  68   1          unsigned char left2, right2, pot2;
  69   1          unsigned char left3, right3, pot3;
  70   1      
  71   1          // ========== 轨道1 ==========
  72   1          left1  = (Plot_State[0] == 1);
  73   1          right1 = (Plot_State[3] == 1);
  74   1          pot1   = (Plot_State[3] == 2);
  75   1          if(left1 && right1)      Plant_state1 = PLPL;
  76   1          else if(left1 || right1 || (left1 && pot1)) Plant_state1 = OEPL;
  77   1          else                    Plant_state1 = NOPL;
  78   1      
  79   1          // ========== 轨道2 ==========
  80   1          left2  = (Plot_State[1] == 1);
  81   1          right2 = (Plot_State[4] == 1);
  82   1          pot2   = (Plot_State[4] == 2);
  83   1          if(left2 && right2)      Plant_state2 = PLPL;
  84   1          else if(left2 || right2 || (left2 && pot2)) Plant_state2 = OEPL;
  85   1          else                    Plant_state2 = NOPL;
  86   1      
  87   1          // ========== 轨道3 ==========
  88   1          left3  = (Plot_State[2] == 1);
  89   1          right3 = (Plot_State[5] == 1);
  90   1          pot3   = (Plot_State[5] == 2);
  91   1          if(left3 && right3)      Plant_state3 = PLPL;
  92   1          else if(left3 || right3 || (left3 && pot3)) Plant_state3 = OEPL;
  93   1          else                    Plant_state3 = NOPL;
  94   1      }
  95          
  96          // ====================== 轨道1 子弹 ======================
  97          void Bullet_Shoot1(void)
  98          {
  99   1      
 100   1              
 101   1              
 102   1          if(Plant_state1 == NOPL)
 103   1          {
 104   2              if(last_state1 != NOPL)
 105   2              {
 106   3                  LCD12864_Show_ImageTrack1(One_Bullet, bullet_pos1);
 107   3                  bullet_pos1 = 2;
 108   3              }
 109   2              last_state1 = NOPL;
 110   2              return;
 111   2          }
 112   1              
 113   1              
 114   1          if(delay_noblock(0,200))
 115   1          {
 116   2                      //////////////////////
C51 COMPILER V9.54   BULLET                                                                04/15/2026 18:15:50 PAGE 3   

 117   2                      if(Get_Plot_State(Position_Item_1 +1) == ZOMBIE||Get_Plot_State(Position_Item_1 + 2) == ZOMBIE)
 118   2                      {
 119   3                              last_state1 = Plant_state1;
 120   3                              //当在第二格有僵尸时
 121   3                              if(Get_Plot_State(Position_Item_1 +1) == ZOMBIE)
 122   3                              {
 123   4                                      
 124   4                                      if(Plant_state1 == OEPL)
 125   4                                      {
 126   5                                              Set_Plot_Blood_State(addr_track1,Get_Plot_Blood_State(addr_track1)-20);
 127   5                                      }
 128   4                                      if(Get_Plot_Blood_State(addr_track1)<=0)
 129   4                                      {
 130   5                                              Set_Plot_State(Position_Item_1 +1, EMPTY);       // 清除僵尸
 131   5                                              LCD12864_Show_ImageTrack1(IMG_DATA_Empty, Position_Item_1 +1);     // 清屏
 132   5                                              addr_track1++;
 133   5                                      }
 134   4                                      return;
 135   4                              }
 136   3                              //当在子弹那格有僵尸时
 137   3                              if(Get_Plot_State(Position_Item_1 + 2) == ZOMBIE)
 138   3                              {
 139   4                                      
 140   4                                      if(Plant_state1 == OEPL)
 141   4                                      {
 142   5                                              Set_Plot_Blood_State(addr_track1,Get_Plot_Blood_State(addr_track1)-20);
 143   5                                      }
 144   4                                      if(Plant_state1 == PLPL)
 145   4                                      {
 146   5                                              Set_Plot_Blood_State(addr_track1,Get_Plot_Blood_State(addr_track1)-40);
 147   5                                      }
 148   4                                      if(Get_Plot_Blood_State(addr_track1)<=0)
 149   4                                      {
 150   5                                              Set_Plot_State(Position_Item_1 +2, EMPTY);       // 清除僵尸
 151   5                                              LCD12864_Show_ImageTrack1(IMG_DATA_Empty, Position_Item_1 +2);     // 清屏
 152   5                                              addr_track1++;
 153   5                                      }
 154   4                                      return;
 155   4                              }
 156   3                              
 157   3                      }
 158   2                      /////////////////////
 159   2                      if(Get_Plot_State(Position_Item_1+bullet_pos1)!=ZOMBIE)
 160   2                      {
 161   3                              LCD12864_Show_ImageTrack1(IMG_DATA_Empty, bullet_pos1);
 162   3                              Set_Plot_State(Position_Item_1+bullet_pos1,EMPTY);//将当前地址写为空
 163   3                      }
 164   2                      bullet_pos1++;
 165   2      
 166   2                      if( Get_Plot_State(Position_Item_1 + bullet_pos1) == ZOMBIE )
 167   2                      {
 168   3                              //关键扣血加子弹还原代码
 169   3                              last_state1 = Plant_state1;
 170   3                              
 171   3                              if(Plant_state1 == PLPL)
 172   3                              {
 173   4                                      Set_Plot_Blood_State(addr_track1,Get_Plot_Blood_State(addr_track1)-40);
 174   4                              }
 175   3                              else
 176   3                              {
 177   4                                      Set_Plot_Blood_State(addr_track1,Get_Plot_Blood_State(addr_track1)-20);
 178   4                              }
C51 COMPILER V9.54   BULLET                                                                04/15/2026 18:15:50 PAGE 4   

 179   3                              
 180   3                              if(Get_Plot_Blood_State(addr_track1)<=0)
 181   3                              {
 182   4                                      Set_Plot_State(Position_Item_1 + bullet_pos1, EMPTY);       // 清除僵尸
 183   4                                      LCD12864_Show_ImageTrack1(IMG_DATA_Empty, bullet_pos1);     // 清屏
 184   4                                      addr_track1++;
 185   4                              }                       
 186   3                              bullet_pos1 = 2;
 187   3                      }
 188   2               
 189   2                      if(bullet_pos1 >= 8) bullet_pos1 = 2;
 190   2                      
 191   2              if(Plant_state1 == PLPL)
 192   2                      {
 193   3                      LCD12864_Show_ImageTrack1(Two_Bullet, bullet_pos1);
 194   3                              Set_Plot_State(Position_Item_1+bullet_pos1,BULLET);
 195   3                      }
 196   2              else
 197   2                      {
 198   3                      LCD12864_Show_ImageTrack1(One_Bullet, bullet_pos1);
 199   3                              Set_Plot_State(Position_Item_1+bullet_pos1,BULLET);
 200   3                      }
 201   2          }
 202   1          last_state1 = Plant_state1;
 203   1      }
 204          // ====================== 轨道2 子弹 ======================
 205          void Bullet_Shoot2(void)
 206          {
 207   1          if(Plant_state2 == NOPL)
 208   1          {
 209   2              if(last_state2 != NOPL)
 210   2              {
 211   3                  LCD12864_Show_ImageTrack2(One_Bullet, bullet_pos2);
 212   3                  bullet_pos2 = 2;
 213   3              }
 214   2              last_state2 = NOPL;
 215   2              return;
 216   2          }
 217   1              
 218   1          if(delay_noblock(1,200))
 219   1          {
 220   2                      //////////////////////
 221   2                      if(Get_Plot_State(Position_Item_2 +1) == ZOMBIE||Get_Plot_State(Position_Item_2 + 2) == ZOMBIE)
 222   2                      {
 223   3                              last_state2 = Plant_state2;
 224   3                              //当在第二格有僵尸时
 225   3                              if(Get_Plot_State(Position_Item_2 +1) == ZOMBIE)
 226   3                              {
 227   4                                      
 228   4                                      if(Plant_state2 == OEPL)
 229   4                                      {
 230   5                                              Set_Plot_Blood_State(addr_track2,Get_Plot_Blood_State(addr_track2)-20);
 231   5                                      }
 232   4                                      if(Get_Plot_Blood_State(addr_track2)<=0)
 233   4                                      {
 234   5                                              Set_Plot_State(Position_Item_2 +1, EMPTY);       // 清除僵尸
 235   5                                              LCD12864_Show_ImageTrack2(IMG_DATA_Empty, Position_Item_2 +1);     // 清屏
 236   5                                              addr_track2++;
 237   5                                      }
 238   4                                      return;
 239   4                              }
 240   3                              //当在子弹那格有僵尸时
C51 COMPILER V9.54   BULLET                                                                04/15/2026 18:15:50 PAGE 5   

 241   3                              if(Get_Plot_State(Position_Item_2 + 2) == ZOMBIE)
 242   3                              {
 243   4                                      
 244   4                                      if(Plant_state2 == OEPL)
 245   4                                      {
 246   5                                              Set_Plot_Blood_State(addr_track2,Get_Plot_Blood_State(addr_track2)-20);
 247   5                                      }
 248   4                                      if(Plant_state2 == PLPL)
 249   4                                      {
 250   5                                              Set_Plot_Blood_State(addr_track2,Get_Plot_Blood_State(addr_track2)-40);
 251   5                                      }
 252   4                                      if(Get_Plot_Blood_State(addr_track2)<=0)
 253   4                                      {
 254   5                                              Set_Plot_State(Position_Item_2 +2, EMPTY);       // 清除僵尸
 255   5                                              LCD12864_Show_ImageTrack2(IMG_DATA_Empty, Position_Item_2 +2);     // 清屏
 256   5                                              addr_track2++;
 257   5                                      }
 258   4                                      return;
 259   4                              }
 260   3                              
 261   3      
 262   3                      }
 263   2                      /////////////////////
 264   2      
 265   2                      
 266   2                      if(Get_Plot_State(Position_Item_2+bullet_pos2)!=ZOMBIE)
 267   2                      {
 268   3                              LCD12864_Show_ImageTrack2(IMG_DATA_Empty, bullet_pos2);
 269   3                              Set_Plot_State(Position_Item_2+bullet_pos2,EMPTY);//将当前地址写为空
 270   3                      }
 271   2      
 272   2              bullet_pos2++;
 273   2                      
 274   2                      if( Get_Plot_State(Position_Item_2 + bullet_pos2) == ZOMBIE )
 275   2                      {
 276   3                              //关键扣血加子弹还原代码
 277   3                              last_state2 = Plant_state2;
 278   3                              
 279   3                              if(Plant_state2 == PLPL)
 280   3                              {
 281   4                                      Set_Plot_Blood_State(addr_track2,Get_Plot_Blood_State(addr_track2)-40);
 282   4                              }
 283   3                              else
 284   3                              {
 285   4                                      Set_Plot_Blood_State(addr_track2,Get_Plot_Blood_State(addr_track2)-20);
 286   4                              }
 287   3                              
 288   3                              if(Get_Plot_Blood_State(addr_track2)<=0)
 289   3                              {
 290   4                                      Set_Plot_State(Position_Item_2 + bullet_pos2, EMPTY);       // 清除僵尸
 291   4                                      LCD12864_Show_ImageTrack2(IMG_DATA_Empty, bullet_pos2);     // 清屏
 292   4                                      addr_track2++;
 293   4                              }                       
 294   3                              bullet_pos2 = 2;
 295   3                      }
 296   2                      
 297   2                      if(bullet_pos2 >= 8) bullet_pos2 = 2;
 298   2              if(Plant_state2 == PLPL)
 299   2                      {
 300   3                      LCD12864_Show_ImageTrack2(Two_Bullet, bullet_pos2);
 301   3                              Set_Plot_State(Position_Item_2+bullet_pos2,BULLET);
 302   3                      }
C51 COMPILER V9.54   BULLET                                                                04/15/2026 18:15:50 PAGE 6   

 303   2              else
 304   2                      {
 305   3                      LCD12864_Show_ImageTrack2(One_Bullet, bullet_pos2);
 306   3                              Set_Plot_State(Position_Item_2+bullet_pos2,BULLET);
 307   3                      }
 308   2          }
 309   1          last_state2 = Plant_state2;
 310   1      }
 311          
 312          // ====================== 轨道3 子弹 ======================
 313          void Bullet_Shoot3(void)
 314          {
 315   1          if(Plant_state3 == NOPL)
 316   1          {
 317   2              if(last_state3 != NOPL)
 318   2              {
 319   3                  LCD12864_Show_ImageTrack3(One_Bullet, bullet_pos3);
 320   3                  bullet_pos3 = 2;
 321   3              }
 322   2              last_state3 = NOPL;
 323   2              return;
 324   2          }
 325   1          if(delay_noblock(2,200))
 326   1          {
 327   2                      
 328   2                      //////////////////////
 329   2                      if(Get_Plot_State(Position_Item_3 +1) == ZOMBIE||Get_Plot_State(Position_Item_3 + 2) == ZOMBIE)
 330   2                      {
 331   3                              last_state3 = Plant_state3;
 332   3                              //当在第二格有僵尸时
 333   3                              if(Get_Plot_State(Position_Item_3 +1) == ZOMBIE)
 334   3                              {
 335   4                                      
 336   4                                      if(Plant_state3 == OEPL)
 337   4                                      {
 338   5                                              Set_Plot_Blood_State(addr_track3,Get_Plot_Blood_State(addr_track3)-20);
 339   5                                      }
 340   4                                      if(Get_Plot_Blood_State(addr_track3)<=0)
 341   4                                      {
 342   5                                              Set_Plot_State(Position_Item_3 +1, EMPTY);       // 清除僵尸
 343   5                                              LCD12864_Show_ImageTrack3(IMG_DATA_Empty, Position_Item_3 +1);     // 清屏
 344   5                                              addr_track3++;
 345   5                                      }
 346   4                                      return;
 347   4                              }
 348   3                              //当在子弹那格有僵尸时
 349   3                              if(Get_Plot_State(Position_Item_3 + 2) == ZOMBIE)
 350   3                              {
 351   4                                      
 352   4                                      if(Plant_state3 == OEPL)
 353   4                                      {
 354   5                                              Set_Plot_Blood_State(addr_track3,Get_Plot_Blood_State(addr_track3)-20);
 355   5                                      }
 356   4                                      if(Plant_state3 == PLPL)
 357   4                                      {
 358   5                                              Set_Plot_Blood_State(addr_track3,Get_Plot_Blood_State(addr_track3)-40);
 359   5                                      }
 360   4                                      
 361   4                                      if(Get_Plot_Blood_State(addr_track3)<=0)
 362   4                                      {
 363   5                                              Set_Plot_State(Position_Item_3 +2, EMPTY);       // 清除僵尸
 364   5                                              LCD12864_Show_ImageTrack3(IMG_DATA_Empty, Position_Item_3 +2);     // 清屏
C51 COMPILER V9.54   BULLET                                                                04/15/2026 18:15:50 PAGE 7   

 365   5                                              addr_track3++;
 366   5                                      }
 367   4                                      return;
 368   4                              }
 369   3                              
 370   3                      }
 371   2                      /////////////////////
 372   2                      
 373   2                      
 374   2                      if(Get_Plot_State(Position_Item_3+bullet_pos3)!=ZOMBIE)
 375   2                      {
 376   3                              LCD12864_Show_ImageTrack3(IMG_DATA_Empty, bullet_pos3);
 377   3                              Set_Plot_State(Position_Item_3+bullet_pos3,EMPTY);//将当前地址写为空
 378   3                      }
 379   2                      
 380   2                      
 381   2                      bullet_pos3++; 
 382   2                      
 383   2                      ///////////////////////
 384   2                      if( Get_Plot_State(Position_Item_3 + bullet_pos3) == ZOMBIE )
 385   2                      {
 386   3                              //关键扣血加子弹还原代码
 387   3                              last_state3 = Plant_state3;
 388   3                              
 389   3                              if(Plant_state3 == PLPL)
 390   3                              {
 391   4                                      Set_Plot_Blood_State(addr_track3,Get_Plot_Blood_State(addr_track3)-40);
 392   4                              }
 393   3                              else
 394   3                              {
 395   4                                      Set_Plot_Blood_State(addr_track3,Get_Plot_Blood_State(addr_track3)-20);
 396   4                              }
 397   3                              
 398   3                              if(Get_Plot_Blood_State(addr_track3)<=0)
 399   3                              {
 400   4                                      Set_Plot_State(Position_Item_3 + bullet_pos3, EMPTY);       // 清除僵尸
 401   4                                      LCD12864_Show_ImageTrack3(IMG_DATA_Empty, bullet_pos3);     // 清屏
 402   4                                      addr_track3++;
 403   4                              }                       
 404   3                              bullet_pos3 = 2;
 405   3                      }
 406   2                      ////////////////////////
 407   2                      
 408   2                      if(bullet_pos3 >= 8) bullet_pos3 = 2;
 409   2              if(Plant_state3 == PLPL)
 410   2                      {
 411   3                      LCD12864_Show_ImageTrack3(Two_Bullet, bullet_pos3);
 412   3                              Set_Plot_State(Position_Item_3+bullet_pos3,BULLET);
 413   3                      }
 414   2              else
 415   2                      {
 416   3                      LCD12864_Show_ImageTrack3(One_Bullet, bullet_pos3);
 417   3                              Set_Plot_State(Position_Item_3+bullet_pos3,BULLET);
 418   3                      }
 419   2          }
 420   1          last_state3 = Plant_state3;
 421   1      }
 422             


MODULE INFORMATION:   STATIC OVERLAYABLE
   CODE SIZE        =   1349    ----
C51 COMPILER V9.54   BULLET                                                                04/15/2026 18:15:50 PAGE 8   

   CONSTANT SIZE    =     64    ----
   XDATA SIZE       =   ----    ----
   PDATA SIZE       =   ----    ----
   DATA SIZE        =     15    ----
   IDATA SIZE       =   ----    ----
   BIT SIZE         =   ----    ----
END OF MODULE INFORMATION.


C51 COMPILATION COMPLETE.  0 WARNING(S),  0 ERROR(S)
