C51 COMPILER V9.54   SETTLEMENT                                                            04/16/2026 13:21:10 PAGE 1   


C51 COMPILER V9.54, COMPILATION OF MODULE SETTLEMENT
OBJECT MODULE PLACED IN .\Objects\settlement.obj
COMPILER INVOKED BY: C:\Keil_v5\C51\BIN\C51.EXE settlement.c OPTIMIZE(8,SPEED) BROWSE DEBUG OBJECTEXTEND PRINT(.\Listing
                    -s\settlement.lst) OBJECT(.\Objects\settlement.obj)

line level    source

   1          #include "settlement.h"
   2          
   3          extern u8 game_over; 
   4          extern u8 sign_num;
   5          extern u8 score;
   6          
   7          u8 game_result;
   8          u8 save_choose;
   9          
  10          void game_settlement(void)
  11          {
  12   1              //有僵尸走到了尽头
  13   1              if(Get_Plot_State(21)==ZOMBIE||Get_Plot_State(11)==ZOMBIE||Get_Plot_State(31)==ZOMBIE)
  14   1              {
  15   2                      Delay_ms(1000);
  16   2                      game_over = 1;
  17   2                      game_result=0;
  18   2                      
  19   2              }
  20   1              //僵尸出现完毕
  21   1              if(sign_num==10)
  22   1              {
  23   2                      unsigned char i;
  24   2                      unsigned char zb=0;
  25   2                      for(i=0;i<24;i++)
  26   2                      {
  27   3                              if(Get_Plot_State_nomal(i)==ZOMBIE)
  28   3                              {
  29   4                                      zb=1;
  30   4                              }
  31   3                      }
  32   2                      //场上不在剩下僵尸
  33   2                      if(zb==0)
  34   2                      {
  35   3                              Delay_ms(1000);
  36   3                              game_result=1;
  37   3                              game_over = 1;
  38   3                      }
  39   2              }
  40   1      }
  41          
  42          
  43          void Show_SettleMent(void)
  44          {
  45   1              LCD12864_Clear();
  46   1              if(game_result==0)
  47   1              {
  48   2                      LCD12864_Clear();
  49   2                      LCD12864_Show_String(0,0,"you lost");
  50   2                      Game_Show_Score(5,0,score);
  51   2                      LCD12864_Show_String(0,1,"是否保存你的结果");
  52   2                      if(save_choose == 0)
  53   2                      {
  54   3                              LCD12864_Set_Location(1,2);
C51 COMPILER V9.54   SETTLEMENT                                                            04/16/2026 13:21:10 PAGE 2   

  55   3                              LCD12864_Write_Data(' ');                                                                                       //左半角英文字符位显示空格
  56   3                              LCD12864_Write_Data(0x10);
  57   3                              LCD12864_Show_String(3,2,"保存");
  58   3                      }
  59   2                      else
  60   2                      {
  61   3                              LCD12864_Show_String(1,2, "  ");
  62   3                              LCD12864_Show_String(3,2,"保存");
  63   3                      }
  64   2      
  65   2                      if(save_choose == 1)
  66   2                      {
  67   3                              LCD12864_Set_Location(1,3);
  68   3                              LCD12864_Write_Data(' ');                                                                                       //左半角英文字符位显示空格
  69   3                              LCD12864_Write_Data(0x10);
  70   3                              LCD12864_Show_String(3,3,"不保存");
  71   3                      }
  72   2                      else
  73   2                      {
  74   3                              LCD12864_Show_String(1, 3, "  ");
  75   3                              LCD12864_Show_String(3,3,"不保存");
  76   3                      }
  77   2              }
  78   1              if(game_result==1)
  79   1              {
  80   2                      LCD12864_Clear();
  81   2                      LCD12864_Show_String(0,0,"you win");
  82   2                      Game_Show_Score(5,0,score);
  83   2                      LCD12864_Show_String(0,1,"是否保存你的结果");
  84   2                      if(save_choose == 0)
  85   2                      {
  86   3                              LCD12864_Set_Location(1,2);
  87   3                              LCD12864_Write_Data(' ');                                                                                       //左半角英文字符位显示空格
  88   3                              LCD12864_Write_Data(0x10);
  89   3                              LCD12864_Show_String(3,2,"保存");
  90   3                      }
  91   2                      else
  92   2                      {
  93   3                              LCD12864_Show_String(1,2, "  ");
  94   3                              LCD12864_Show_String(3,2,"保存");
  95   3                      }
  96   2      
  97   2                      if(save_choose == 1)
  98   2                      {
  99   3                              LCD12864_Set_Location(1,3);
 100   3                              LCD12864_Write_Data(' ');                                                                                       //左半角英文字符位显示空格
 101   3                              LCD12864_Write_Data(0x10);
 102   3                              LCD12864_Show_String(3,3,"不保存");
 103   3                      }
 104   2                      else
 105   2                      {
 106   3                              LCD12864_Show_String(1, 3, "  ");
 107   3                              LCD12864_Show_String(3,3,"不保存");
 108   3                      }
 109   2              }
 110   1      }
 111          //需要改进
 112          void SettleMent_Key(key)
 113          {
 114   1          if(key == 2)
 115   1          {
 116   2              if(save_choose > 0) save_choose--;
C51 COMPILER V9.54   SETTLEMENT                                                            04/16/2026 13:21:10 PAGE 3   

 117   2          }
 118   1          if(key == 10)
 119   1          {
 120   2              if(save_choose < 1) save_choose++;
 121   2          }
 122   1          if(key == 6)
 123   1          {
 124   2              if(save_choose == 0) 
 125   2                      {
 126   3                              AT24C02_WriteByte(0,score);
 127   3                      }
 128   2                      Show_MainMenu();
 129   2              now_state = MENU_MAIN;
 130   2              
 131   2          }
 132   1          Show_SettleMent();
 133   1      }
 134          


MODULE INFORMATION:   STATIC OVERLAYABLE
   CODE SIZE        =    440    ----
   CONSTANT SIZE    =     49    ----
   XDATA SIZE       =   ----    ----
   PDATA SIZE       =   ----    ----
   DATA SIZE        =      2       2
   IDATA SIZE       =   ----    ----
   BIT SIZE         =   ----    ----
END OF MODULE INFORMATION.


C51 COMPILATION COMPLETE.  0 WARNING(S),  0 ERROR(S)
