C51 COMPILER V9.54   BULLET                                                                04/16/2026 00:57:04 PAGE 1   


C51 COMPILER V9.54, COMPILATION OF MODULE BULLET
OBJECT MODULE PLACED IN .\Objects\bullet.obj
COMPILER INVOKED BY: C:\Keil_v5\C51\BIN\C51.EXE bullet.c OPTIMIZE(8,SPEED) BROWSE DEBUG OBJECTEXTEND PRINT(.\Listings\bu
                    -llet.lst) OBJECT(.\Objects\bullet.obj)

line level    source

   1          #include "bullet.h"
   2          
   3          extern u8 score;
   4          
   5          extern code unsigned char IMG_DATA_Empty[32];
   6          code u8 One_Bullet[] =
   7          {
   8              0x00,0x00,0x00,0x00,0x00,0x00,0x01,0x80,0x03,0xC0,0x03,0xC0,0x01,0x80,0x00,0x00,
   9              0x00,0x00,0x00,0x00,0x00,0x00,0x00,0x00,0x00,0x00,0x00,0x00,0x00,0x00,0x00,0x00, /*' ',0*/
  10          };
  11          code u8 Two_Bullet[] =
  12          {
  13              0x00,0x00,0x00,0x00,0x00,0x00,0x18,0x18,0x3C,0x3C,0x3C,0x3C,0x18,0x18,0x00,0x00,
  14              0x00,0x00,0x00,0x00,0x00,0x00,0x00,0x00,0x00,0x00,0x00,0x00,0x00,0x00,0x00,0x00, /*' ',0*/
  15          };
  16          
  17          typedef enum {
  18                  OEPL,
  19                  PLPL,
  20                  NOPL,
  21          } PlantState;
  22          
  23          u8 Position_Item_1=11;
  24          u8 Position_Item_2=21;
  25          u8 Position_Item_3=31;
  26          
  27          u8 addr_track1=13;
  28          u8 addr_track2=23;
  29          u8 addr_track3=33;
  30          
  31          // 轨道1
  32          PlantState Plant_state1 = NOPL;
  33          PlantState last_state1  = NOPL;
  34          static u8 bullet_pos1   = 2;
  35          
  36          // 轨道2
  37          PlantState Plant_state2 = NOPL;
  38          PlantState last_state2  = NOPL;
  39          static u8 bullet_pos2   = 2;
  40          
  41          // 轨道3
  42          PlantState Plant_state3 = NOPL;
  43          PlantState last_state3  = NOPL;
  44          static u8 bullet_pos3   = 2;
  45          
  46          
  47          void Bullet_Shoot1(void);
  48          void Bullet_Shoot2(void);
  49          void Bullet_Shoot3(void);
  50          void Change_Plant_state_All(void);
  51          
  52          
  53          void Bullet_Main(void)
  54          {
C51 COMPILER V9.54   BULLET                                                                04/16/2026 00:57:04 PAGE 2   

  55   1              Change_Plant_state_All();
  56   1              Bullet_Shoot1();
  57   1              Bullet_Shoot2();
  58   1              Bullet_Shoot3();
  59   1      }
  60          
  61          
  62          // ====================== 检测3个轨道的植物状态 ======================
  63          void Change_Plant_state_All(void)
  64          {
  65   1          // 所有变量必须定义在函数最顶部！
  66   1          unsigned char left1, right1, pot1;
  67   1          unsigned char left2, right2, pot2;
  68   1          unsigned char left3, right3, pot3;
  69   1      
  70   1          // ========== 轨道1 ==========
  71   1          left1  = (Plot_State[0] == 1);
  72   1          right1 = (Plot_State[3] == 1);
  73   1          pot1   = (Plot_State[3] == 2);
  74   1          if(left1 && right1)      Plant_state1 = PLPL;
  75   1          else if(left1 || right1 || (left1 && pot1)) Plant_state1 = OEPL;
  76   1          else                    Plant_state1 = NOPL;
  77   1      
  78   1          // ========== 轨道2 ==========
  79   1          left2  = (Plot_State[1] == 1);
  80   1          right2 = (Plot_State[4] == 1);
  81   1          pot2   = (Plot_State[4] == 2);
  82   1          if(left2 && right2)      Plant_state2 = PLPL;
  83   1          else if(left2 || right2 || (left2 && pot2)) Plant_state2 = OEPL;
  84   1          else                    Plant_state2 = NOPL;
  85   1      
  86   1          // ========== 轨道3 ==========
  87   1          left3  = (Plot_State[2] == 1);
  88   1          right3 = (Plot_State[5] == 1);
  89   1          pot3   = (Plot_State[5] == 2);
  90   1          if(left3 && right3)      Plant_state3 = PLPL;
  91   1          else if(left3 || right3 || (left3 && pot3)) Plant_state3 = OEPL;
  92   1          else                    Plant_state3 = NOPL;
  93   1      }
  94          
  95          // ====================== 轨道1 子弹 ======================
  96          void Bullet_Shoot1(void)
  97          {
  98   1      
  99   1              
 100   1              
 101   1          if(Plant_state1 == NOPL)
 102   1          {
 103   2              if(last_state1 != NOPL)
 104   2              {
 105   3                  LCD12864_Show_ImageTrack1(One_Bullet, bullet_pos1);
 106   3                  bullet_pos1 = 2;
 107   3              }
 108   2              last_state1 = NOPL;
 109   2              return;
 110   2          }
 111   1              
 112   1              
 113   1          if(delay_noblock(0,200))
 114   1          {
 115   2                      //////////////////////
 116   2                      if(Get_Plot_State(Position_Item_1 +1) == ZOMBIE||Get_Plot_State(Position_Item_1 + 2) == ZOMBIE)
C51 COMPILER V9.54   BULLET                                                                04/16/2026 00:57:04 PAGE 3   

 117   2                      {
 118   3                              last_state1 = Plant_state1;
 119   3                              //当在第二格有僵尸时
 120   3                              if(Get_Plot_State(Position_Item_1 +1) == ZOMBIE)
 121   3                              {
 122   4                                      
 123   4                                      if(Plant_state1 == OEPL)
 124   4                                      {
 125   5                                              Set_Plot_Blood_State(addr_track1,Get_Plot_Blood_State(addr_track1)-20);
 126   5                                      }
 127   4                                      if(Get_Plot_Blood_State(addr_track1)<=0)
 128   4                                      {
 129   5                                              Set_Plot_State(Position_Item_1 +1, EMPTY);       // 清除僵尸
 130   5                                              LCD12864_Show_ImageTrack1(IMG_DATA_Empty, Position_Item_1 +1);     // 清屏
 131   5                                              addr_track1++;
 132   5                                              score++;
 133   5                                              Game_Show_Score(1,0,score);
 134   5                                      }
 135   4                                      return;
 136   4                              }
 137   3                              //当在子弹那格有僵尸时
 138   3                              if(Get_Plot_State(Position_Item_1 + 2) == ZOMBIE)
 139   3                              {
 140   4                                      
 141   4                                      if(Plant_state1 == OEPL)
 142   4                                      {
 143   5                                              Set_Plot_Blood_State(addr_track1,Get_Plot_Blood_State(addr_track1)-20);
 144   5                                      }
 145   4                                      if(Plant_state1 == PLPL)
 146   4                                      {
 147   5                                              Set_Plot_Blood_State(addr_track1,Get_Plot_Blood_State(addr_track1)-40);
 148   5                                      }
 149   4                                      if(Get_Plot_Blood_State(addr_track1)<=0)
 150   4                                      {
 151   5                                              Set_Plot_State(Position_Item_1 +2, EMPTY);       // 清除僵尸
 152   5                                              LCD12864_Show_ImageTrack1(IMG_DATA_Empty, Position_Item_1 +2);     // 清屏
 153   5                                              addr_track1++;
 154   5                                              score++;
 155   5                                              Game_Show_Score(1,0,score);
 156   5                                      }
 157   4                                      return;
 158   4                              }
 159   3                              
 160   3                      }
 161   2                      /////////////////////
 162   2                      if(Get_Plot_State(Position_Item_1+bullet_pos1)!=ZOMBIE)
 163   2                      {
 164   3                              LCD12864_Show_ImageTrack1(IMG_DATA_Empty, bullet_pos1);
 165   3                              Set_Plot_State(Position_Item_1+bullet_pos1,EMPTY);//将当前地址写为空
 166   3                      }
 167   2                      bullet_pos1++;
 168   2      
 169   2                      if( Get_Plot_State(Position_Item_1 + bullet_pos1) == ZOMBIE )
 170   2                      {
 171   3                              //关键扣血加子弹还原代码
 172   3                              last_state1 = Plant_state1;
 173   3                              
 174   3                              if(Plant_state1 == PLPL)
 175   3                              {
 176   4                                      Set_Plot_Blood_State(addr_track1,Get_Plot_Blood_State(addr_track1)-40);
 177   4                              }
 178   3                              else
C51 COMPILER V9.54   BULLET                                                                04/16/2026 00:57:04 PAGE 4   

 179   3                              {
 180   4                                      Set_Plot_Blood_State(addr_track1,Get_Plot_Blood_State(addr_track1)-20);
 181   4                              }
 182   3                              
 183   3                              if(Get_Plot_Blood_State(addr_track1)<=0)
 184   3                              {
 185   4                                      Set_Plot_State(Position_Item_1 + bullet_pos1, EMPTY);       // 清除僵尸
 186   4                                      LCD12864_Show_ImageTrack1(IMG_DATA_Empty, bullet_pos1);     // 清屏
 187   4                                      addr_track1++;
 188   4                                      score++;
 189   4                                      Game_Show_Score(1,0,score);
 190   4                              }                       
 191   3                              bullet_pos1 = 2;
 192   3                      }
 193   2               
 194   2                      if(bullet_pos1 >= 8) bullet_pos1 = 2;
 195   2                      
 196   2              if(Plant_state1 == PLPL)
 197   2                      {
 198   3                      LCD12864_Show_ImageTrack1(Two_Bullet, bullet_pos1);
 199   3                              Set_Plot_State(Position_Item_1+bullet_pos1,BULLET);
 200   3                      }
 201   2              else
 202   2                      {
 203   3                      LCD12864_Show_ImageTrack1(One_Bullet, bullet_pos1);
 204   3                              Set_Plot_State(Position_Item_1+bullet_pos1,BULLET);
 205   3                      }
 206   2          }
 207   1          last_state1 = Plant_state1;
 208   1      }
 209          // ====================== 轨道2 子弹 ======================
 210          void Bullet_Shoot2(void)
 211          {
 212   1          if(Plant_state2 == NOPL)
 213   1          {
 214   2              if(last_state2 != NOPL)
 215   2              {
 216   3                  LCD12864_Show_ImageTrack2(One_Bullet, bullet_pos2);
 217   3                  bullet_pos2 = 2;
 218   3              }
 219   2              last_state2 = NOPL;
 220   2              return;
 221   2          }
 222   1              
 223   1          if(delay_noblock(1,200))
 224   1          {
 225   2                      //////////////////////
 226   2                      if(Get_Plot_State(Position_Item_2 +1) == ZOMBIE||Get_Plot_State(Position_Item_2 + 2) == ZOMBIE)
 227   2                      {
 228   3                              last_state2 = Plant_state2;
 229   3                              //当在第二格有僵尸时
 230   3                              if(Get_Plot_State(Position_Item_2 +1) == ZOMBIE)
 231   3                              {
 232   4                                      
 233   4                                      if(Plant_state2 == OEPL)
 234   4                                      {
 235   5                                              Set_Plot_Blood_State(addr_track2,Get_Plot_Blood_State(addr_track2)-20);
 236   5                                      }
 237   4                                      if(Get_Plot_Blood_State(addr_track2)<=0)
 238   4                                      {
 239   5                                              Set_Plot_State(Position_Item_2 +1, EMPTY);       // 清除僵尸
 240   5                                              LCD12864_Show_ImageTrack2(IMG_DATA_Empty, Position_Item_2 +1);     // 清屏
C51 COMPILER V9.54   BULLET                                                                04/16/2026 00:57:04 PAGE 5   

 241   5                                              addr_track2++;
 242   5                                              score++;
 243   5                                              Game_Show_Score(1,0,score);
 244   5                                      }
 245   4                                      return;
 246   4                              }
 247   3                              //当在子弹那格有僵尸时
 248   3                              if(Get_Plot_State(Position_Item_2 + 2) == ZOMBIE)
 249   3                              {
 250   4                                      
 251   4                                      if(Plant_state2 == OEPL)
 252   4                                      {
 253   5                                              Set_Plot_Blood_State(addr_track2,Get_Plot_Blood_State(addr_track2)-20);
 254   5                                      }
 255   4                                      if(Plant_state2 == PLPL)
 256   4                                      {
 257   5                                              Set_Plot_Blood_State(addr_track2,Get_Plot_Blood_State(addr_track2)-40);
 258   5                                      }
 259   4                                      if(Get_Plot_Blood_State(addr_track2)<=0)
 260   4                                      {
 261   5                                              Set_Plot_State(Position_Item_2 +2, EMPTY);       // 清除僵尸
 262   5                                              LCD12864_Show_ImageTrack2(IMG_DATA_Empty, Position_Item_2 +2);     // 清屏
 263   5                                              addr_track2++;
 264   5                                              score++;
 265   5                                              Game_Show_Score(1,0,score);
 266   5                                      }
 267   4                                      return;
 268   4                              }
 269   3                              
 270   3      
 271   3                      }
 272   2                      /////////////////////
 273   2      
 274   2                      
 275   2                      if(Get_Plot_State(Position_Item_2+bullet_pos2)!=ZOMBIE)
 276   2                      {
 277   3                              LCD12864_Show_ImageTrack2(IMG_DATA_Empty, bullet_pos2);
 278   3                              Set_Plot_State(Position_Item_2+bullet_pos2,EMPTY);//将当前地址写为空
 279   3                      }
 280   2      
 281   2              bullet_pos2++;
 282   2                      
 283   2                      if( Get_Plot_State(Position_Item_2 + bullet_pos2) == ZOMBIE )
 284   2                      {
 285   3                              //关键扣血加子弹还原代码
 286   3                              last_state2 = Plant_state2;
 287   3                              
 288   3                              if(Plant_state2 == PLPL)
 289   3                              {
 290   4                                      Set_Plot_Blood_State(addr_track2,Get_Plot_Blood_State(addr_track2)-40);
 291   4                              }
 292   3                              else
 293   3                              {
 294   4                                      Set_Plot_Blood_State(addr_track2,Get_Plot_Blood_State(addr_track2)-20);
 295   4                              }
 296   3                              
 297   3                              if(Get_Plot_Blood_State(addr_track2)<=0)
 298   3                              {
 299   4                                      Set_Plot_State(Position_Item_2 + bullet_pos2, EMPTY);       // 清除僵尸
 300   4                                      LCD12864_Show_ImageTrack2(IMG_DATA_Empty, bullet_pos2);     // 清屏
 301   4                                      addr_track2++;
 302   4                                      score++;
C51 COMPILER V9.54   BULLET                                                                04/16/2026 00:57:04 PAGE 6   

 303   4                                      Game_Show_Score(1,0,score);
 304   4                              }                       
 305   3                              bullet_pos2 = 2;
 306   3                      }
 307   2                      
 308   2                      if(bullet_pos2 >= 8) bullet_pos2 = 2;
 309   2              if(Plant_state2 == PLPL)
 310   2                      {
 311   3                      LCD12864_Show_ImageTrack2(Two_Bullet, bullet_pos2);
 312   3                              Set_Plot_State(Position_Item_2+bullet_pos2,BULLET);
 313   3                      }
 314   2              else
 315   2                      {
 316   3                      LCD12864_Show_ImageTrack2(One_Bullet, bullet_pos2);
 317   3                              Set_Plot_State(Position_Item_2+bullet_pos2,BULLET);
 318   3                      }
 319   2          }
 320   1          last_state2 = Plant_state2;
 321   1      }
 322          
 323          // ====================== 轨道3 子弹 ======================
 324          void Bullet_Shoot3(void)
 325          {
 326   1          if(Plant_state3 == NOPL)
 327   1          {
 328   2              if(last_state3 != NOPL)
 329   2              {
 330   3                  LCD12864_Show_ImageTrack3(One_Bullet, bullet_pos3);
 331   3                  bullet_pos3 = 2;
 332   3              }
 333   2              last_state3 = NOPL;
 334   2              return;
 335   2          }
 336   1          if(delay_noblock(2,200))
 337   1          {
 338   2                      
 339   2                      //////////////////////
 340   2                      if(Get_Plot_State(Position_Item_3 +1) == ZOMBIE||Get_Plot_State(Position_Item_3 + 2) == ZOMBIE)
 341   2                      {
 342   3                              last_state3 = Plant_state3;
 343   3                              //当在第二格有僵尸时
 344   3                              if(Get_Plot_State(Position_Item_3 +1) == ZOMBIE)
 345   3                              {
 346   4                                      
 347   4                                      if(Plant_state3 == OEPL)
 348   4                                      {
 349   5                                              Set_Plot_Blood_State(addr_track3,Get_Plot_Blood_State(addr_track3)-20);
 350   5                                      }
 351   4                                      if(Get_Plot_Blood_State(addr_track3)<=0)
 352   4                                      {
 353   5                                              Set_Plot_State(Position_Item_3 +1, EMPTY);       // 清除僵尸
 354   5                                              LCD12864_Show_ImageTrack3(IMG_DATA_Empty, Position_Item_3 +1);     // 清屏
 355   5                                              addr_track3++;
 356   5                                              score++;
 357   5                                              Game_Show_Score(1,0,score);
 358   5                                      }
 359   4                                      return;
 360   4                              }
 361   3                              //当在子弹那格有僵尸时
 362   3                              if(Get_Plot_State(Position_Item_3 + 2) == ZOMBIE)
 363   3                              {
 364   4                                      
C51 COMPILER V9.54   BULLET                                                                04/16/2026 00:57:04 PAGE 7   

 365   4                                      if(Plant_state3 == OEPL)
 366   4                                      {
 367   5                                              Set_Plot_Blood_State(addr_track3,Get_Plot_Blood_State(addr_track3)-20);
 368   5                                      }
 369   4                                      if(Plant_state3 == PLPL)
 370   4                                      {
 371   5                                              Set_Plot_Blood_State(addr_track3,Get_Plot_Blood_State(addr_track3)-40);
 372   5                                      }
 373   4                                      
 374   4                                      if(Get_Plot_Blood_State(addr_track3)<=0)
 375   4                                      {
 376   5                                              Set_Plot_State(Position_Item_3 +2, EMPTY);       // 清除僵尸
 377   5                                              LCD12864_Show_ImageTrack3(IMG_DATA_Empty, Position_Item_3 +2);     // 清屏
 378   5                                              addr_track3++;
 379   5                                              score++;
 380   5                                              Game_Show_Score(1,0,score);
 381   5                                      }
 382   4                                      return;
 383   4                              }
 384   3                              
 385   3                      }
 386   2                      /////////////////////
 387   2                      
 388   2                      
 389   2                      if(Get_Plot_State(Position_Item_3+bullet_pos3)!=ZOMBIE)
 390   2                      {
 391   3                              LCD12864_Show_ImageTrack3(IMG_DATA_Empty, bullet_pos3);
 392   3                              Set_Plot_State(Position_Item_3+bullet_pos3,EMPTY);//将当前地址写为空
 393   3                      }
 394   2                      
 395   2                      
 396   2                      bullet_pos3++; 
 397   2                      
 398   2                      ///////////////////////
 399   2                      if( Get_Plot_State(Position_Item_3 + bullet_pos3) == ZOMBIE )
 400   2                      {
 401   3                              //关键扣血加子弹还原代码
 402   3                              last_state3 = Plant_state3;
 403   3                              
 404   3                              if(Plant_state3 == PLPL)
 405   3                              {
 406   4                                      Set_Plot_Blood_State(addr_track3,Get_Plot_Blood_State(addr_track3)-40);
 407   4                              }
 408   3                              else
 409   3                              {
 410   4                                      Set_Plot_Blood_State(addr_track3,Get_Plot_Blood_State(addr_track3)-20);
 411   4                              }
 412   3                              
 413   3                              if(Get_Plot_Blood_State(addr_track3)<=0)
 414   3                              {
 415   4                                      Set_Plot_State(Position_Item_3 + bullet_pos3, EMPTY);       // 清除僵尸
 416   4                                      LCD12864_Show_ImageTrack3(IMG_DATA_Empty, bullet_pos3);     // 清屏
 417   4                                      addr_track3++;
 418   4                                      score++;
 419   4                                      Game_Show_Score(1,0,score);
 420   4                              }                       
 421   3                              bullet_pos3 = 2;
 422   3                      }
 423   2                      ////////////////////////
 424   2                      
 425   2                      if(bullet_pos3 >= 8) bullet_pos3 = 2;
 426   2              if(Plant_state3 == PLPL)
C51 COMPILER V9.54   BULLET                                                                04/16/2026 00:57:04 PAGE 8   

 427   2                      {
 428   3                      LCD12864_Show_ImageTrack3(Two_Bullet, bullet_pos3);
 429   3                              Set_Plot_State(Position_Item_3+bullet_pos3,BULLET);
 430   3                      }
 431   2              else
 432   2                      {
 433   3                      LCD12864_Show_ImageTrack3(One_Bullet, bullet_pos3);
 434   3                              Set_Plot_State(Position_Item_3+bullet_pos3,BULLET);
 435   3                      }
 436   2          }
 437   1          last_state3 = Plant_state3;
 438   1      }
 439             


MODULE INFORMATION:   STATIC OVERLAYABLE
   CODE SIZE        =   1412    ----
   CONSTANT SIZE    =     64    ----
   XDATA SIZE       =   ----    ----
   PDATA SIZE       =   ----    ----
   DATA SIZE        =     15    ----
   IDATA SIZE       =   ----    ----
   BIT SIZE         =   ----    ----
END OF MODULE INFORMATION.


C51 COMPILATION COMPLETE.  0 WARNING(S),  0 ERROR(S)
