C51 COMPILER V9.59.0.0   MENU3                                                             02/10/2021 18:05:45 PAGE 1   


C51 COMPILER V9.59.0.0, COMPILATION OF MODULE MENU3
OBJECT MODULE PLACED IN .\Objects\menu3.obj
COMPILER INVOKED BY: C:\Keil_v5\C51\BIN\C51.EXE menu3.c OPTIMIZE(8,SPEED) BROWSE DEBUG OBJECTEXTEND PRINT(.\Listings\men
                    -u3.lst) OBJECT(.\Objects\menu3.obj)

line level    source

   1          /*
   2                                                  *** 项目设置_c文件 ***
   3          | 适配硬件:| HL-1开发板  
   4          ===========================================================*/
   5          
   6          #include "public.h"
   7          
   8          /***** 变量声明或定义 *****/
   9          u8 itemIndex = 0;                       //设置项目索引
  10          u8 tmpH, tmpM, tmpS;            //定义时、分、秒缓冲区
  11          u8 tmpY, tmpMh, tmpD;           //定义年、月、日缓冲区
  12          
  13          /***********************************************************|
  14          | 名称  :| 显示帮助提示
  15          | 参数  :| 无
  16          | 返回值        :| 无
  17          /***********************************************************/
  18          void show_help()
  19          {
  20   1              lcd12864_clear_area(6, 2, 32, 16, 1);           //黑色填充2个汉字字符位在第三行开始处
  21   1              lcd12864_clear_area(6, 3, 32, 16, 1);           //黑色填充2个汉字字符位在第四行开始处
  22   1              lcd12864_show_str(0, 2, "按ESC   →  退出");    //退出提示
  23   1              lcd12864_show_str(0, 3, "按ENTER →  保存");    //保存提示
  24   1      }       
  25          
  26          
  27          /***********************************************************|
  28          | 名称  :| 一级菜单项目1下二级菜单项目1的设置项
  29          | 参数  :| 无
  30          | 返回值        :| 无
  31          /***********************************************************/
  32          void menu111()
  33          {
  34   1              lcd12864_show_str(1, 0, "* 设置时间 *");                //显示第一行内容
  35   1              lcd12864_show_str(2, 1, "时  分  秒");          //设置项内容显示第二行
  36   1              showDec_byte(1, 1, cntH);                                       //在屏幕第2行第2个字符处显示小时
  37   1              showDec_byte(3, 1, cntM);                                       //在屏幕第2行第4个字符处显示分钟
  38   1              showDec_byte(5, 1, cntS);                                       //在屏幕第2行第6个字符处显示秒数
  39   1              show_help();                                                            //显示退出/保存按键提示
  40   1              itemIndex = 3;                                                          //将设置项索引设为3
  41   1              leftKey();                                                                      //调用左键程序左移1位，正好处于分位置
  42   1              lcd12864_write_cmd(0x0F);                                       //开启光标显示并闪烁
  43   1      }
  44          
  45          
  46          /***********************************************************|
  47          | 名称  :| 一级菜单项目1下二级菜单项目2的设置项
  48          | 参数  :| 无
  49          | 返回值        :| 无
  50          /***********************************************************/
  51          void menu112()
  52          {
  53   1              lcd12864_show_str(1, 0, "* 设置日期 *");                //显示第一行内容
  54   1              lcd12864_show_str(1, 1, "21年02月02日");                //设置项内容显示第三行
C51 COMPILER V9.59.0.0   MENU3                                                             02/10/2021 18:05:45 PAGE 2   

  55   1              show_help();                                                            //显示退出/保存按键提示
  56   1              itemIndex = 1;                                                          //将设置项索引设为1
  57   1              leftKey();                                                                      //调用左键程序左移1位，正好处于日位置
  58   1              lcd12864_write_cmd(0x0F);                                       //开启光标显示并闪烁
  59   1      }
  60          
  61          
  62          /***********************************************************|
  63          | 名称  :| 一级菜单项目1下二级菜单项目3的设置项
  64          | 参数  :| 无
  65          | 返回值        :| 无
  66          /***********************************************************/
  67          void menu113()
  68          {
  69   1              lcd12864_show_str(1, 0, "* 设置星期 *");                //显示第一行内容
  70   1              lcd12864_show_str(2, 1, "星期");                                //设置项内容显示第三行 
  71   1              show_help();                                                            //显示退出/保存按键提示
  72   1              lcd12864_set_cursor(4, 1);                                      //设置光标位置在第三行第4个字符位
  73   1              lcd12864_write_cmd(0x0F);                                       //开启光标显示并闪烁
  74   1      }
  75          
  76          
  77          /***********************************************************|
  78          | 名称  :| 进入项目设置界面
  79          | 参数  :| 无
  80          | 返回值        :| 无
  81          /***********************************************************/
  82          void enter_setItem()
  83          { 
  84   1              clear_arrow();                                                          //先清除一级菜单显示的箭头，否则后面会残留显示
  85   1              lcd12864_clear_str(0, 0, 8);                            //清除第1行字符
  86   1              clear_areaStr();                                                        //清除屏幕第2-4行字符
  87   1              
  88   1              if (arrowPos1 == 1)
  89   1              {
  90   2                      switch (arrowPos11)
  91   2                      {
  92   3                              case 1:
  93   3                                      menu111();                                              //显示一级菜单项目1下的二级菜单第一页
  94   3                                      tmpH = cntH;                                    //读取小时数据到缓冲区
  95   3                                      tmpM = cntM;                                    //读取分钟数据到缓冲区
  96   3                                      tmpS = cntS;                                    //读取秒数据到缓冲区
  97   3                                      break;
  98   3                              case 2:
  99   3                                      menu112();                                              //显示一级菜单项目2下的二级菜单第一页
 100   3                                      tmpY  = year;                                   //读取年份数据到缓冲区
 101   3                                      tmpMh = month;                                  //读取月份数据到缓冲区
 102   3                                      tmpD  = day;                                    //读取日期据到缓冲区
 103   3                                      break;
 104   3                              case 3: menu113(); break;                       //显示一级菜单项目2下的二级菜单第一页
 105   3                              default: break;
 106   3                      }
 107   2              }
 108   1              
 109   1              mLayer = 3;                                                                     //将菜单层索引改为3     
 110   1      }
 111          
 112          
 113          /***********************************************************|
 114          | 描述  :| 刷新设置项光标显示
 115          | 参数  :| 无
 116          | 返回值        :| 无
C51 COMPILER V9.59.0.0   MENU3                                                             02/10/2021 18:05:45 PAGE 3   

 117          /***********************************************************/
 118          void item_select()
 119          {
 120   1              switch (itemIndex)
 121   1              {
 122   2                      case 1: lcd12864_set_cursor(1, 1); break;               //设置光标位置在第三行第2个字符位
 123   2                      case 2: lcd12864_set_cursor(3, 1); break;               //设置光标位置在第三行第4个字符位
 124   2                      case 3: lcd12864_set_cursor(5, 1); break;               //设置光标位置在第三行第6个字符位
 125   2                      default: break;
 126   2              }               
 127   1      }
 128          
 129          
 130          /***********************************************************|
 131          | 名称  :| 设置项目左移
 132          | 参数  :| u8 itemMax   -设置项最大个数
 133          | 返回值        :| 无
 134          /***********************************************************/
 135          void item_lMove(u8 itemMax)
 136          {
 137   1              if (itemIndex > 1)
 138   1              {
 139   2                      itemIndex--;
 140   2              }
 141   1              else
 142   1              { 
 143   2                      itemIndex = itemMax;
 144   2              }
 145   1              item_select();                          //选择设置项
 146   1      }
 147          
 148          
 149          /***********************************************************|
 150          | 名称  :| 设置项目右移
 151          | 参数  :| u8 itemMax   -设置项最大个数
 152          | 返回值        :| 无
 153          /***********************************************************/
 154          void item_rMove(u8 itemMax)
 155          {
 156   1              if (itemIndex < itemMax)
 157   1              {
 158   2                      itemIndex++;
 159   2              }
 160   1              else
 161   1              {
 162   2                      itemIndex = 1;
 163   2              }
 164   1              item_select();                          //选择设置项
 165   1      }
 166          
 167          
 168          /***********************************************************|
 169          | 名称  :| 左按键程序
 170          | 参数  :| 无
 171          | 返回值        :| 无
 172          /***********************************************************/
 173          void leftKey()
 174          {
 175   1              if (itemIndex != 0)
 176   1              {
 177   2                      switch (arrowPos1)
 178   2                      {
C51 COMPILER V9.59.0.0   MENU3                                                             02/10/2021 18:05:45 PAGE 4   

 179   3                              case 1:
 180   3                                      switch (arrowPos11)
 181   3                                      {
 182   4                                              case 1: item_lMove(3); break;           //设置时间界面左移
 183   4                                              case 2: item_lMove(3); break;           //设置日期界面左移
 184   4                                              default: break;
 185   4                                      }
 186   3                                      break;
 187   3                              case 2:
 188   3                                      break;
 189   3                              default:
 190   3                                      break;          
 191   3                      }
 192   2              }
 193   1      }
 194          
 195          
 196          /***********************************************************|
 197          | 名称  :| 右按键程序
 198          | 参数  :| 无
 199          | 返回值        :| 无
 200          /***********************************************************/
 201          void rightKey()
 202          {
 203   1              if (itemIndex != 0)
 204   1              {
 205   2                      switch (arrowPos1)
 206   2                      {
 207   3                              case 1:
 208   3                                      switch (arrowPos11)
 209   3                                      {
 210   4                                              case 1: item_rMove(3); break;           //设置时间界面右移
 211   4                                              case 2: item_rMove(3); break;           //设置日期界面右移
 212   4                                              default: break;
 213   4                                      }
 214   3                                      break;
 215   3                              case 2:
 216   3                                      break;
 217   3                              default:
 218   3                                      break;          
 219   3                      }
 220   2              }
 221   1      }
 222          
 223          
 224          /***********************************************************|
 225          | 名称  :| 刷新时分秒
 226          | 参数  :| 无
 227          | 返回值        :| 无
 228          /***********************************************************/
 229          void refresh_HMS()
 230          {
 231   1              if (itemIndex == 1)
 232   1              {
 233   2                      showDec_byte(1, 1, tmpH);                       //每次小时改变后，在屏幕显示出来
 234   2                      item_select();                                          //刷新光标位置在第二行第2个字符位
 235   2              }
 236   1              else if (itemIndex == 2)
 237   1              {
 238   2                      showDec_byte(3, 1, tmpM);                       //每次分钟改变后，在屏幕显示出来
 239   2                      item_select();                                          //刷新光标位置在第二行第4个字符位
 240   2              }
C51 COMPILER V9.59.0.0   MENU3                                                             02/10/2021 18:05:45 PAGE 5   

 241   1              else if (itemIndex == 3)
 242   1              {
 243   2                      showDec_byte(5, 1, tmpS);                       //每次秒数改变后，在屏幕显示出来
 244   2                      item_select();                                          //刷新光标位置在第二行第6个字符位
 245   2              }
 246   1      }
 247          
 248          
 249          /***********************************************************|
 250          | 名称  :| 刷新年月日
 251          | 参数  :| 无
 252          | 返回值        :| 无
 253          /***********************************************************/
 254          void refresh_YMD()
 255          {
 256   1              if (itemIndex == 1)
 257   1              {
 258   2                      showDec_byte(1, 1, tmpY);                       //每次年份改变后，在屏幕显示出来
 259   2                      item_select();                                          //刷新光标位置在第二行第2个字符位
 260   2              }
 261   1              else if (itemIndex == 2)
 262   1              {
 263   2                      showDec_byte(3, 1, tmpMh);                      //每次月份改变后，在屏幕显示出来
 264   2                      item_select();                                          //刷新光标位置在第二行第4个字符位
 265   2              }
 266   1              else if (itemIndex == 3)
 267   1              {
 268   2                      showDec_byte(5, 1, tmpD);                       //每天数改变后，在屏幕显示出来
 269   2                      item_select();                                          //刷新光标位置在第二行第6个字符位
 270   2              }
 271   1      }
 272          
 273          
 274          /***********************************************************|
 275          | 名称  :| 递增小时
 276          | 参数  :| 无
 277          | 返回值        :| 无
 278          /***********************************************************/
 279          void add_hour()
 280          {       
 281   1              if (tmpH < 23)
 282   1              {
 283   2                      tmpH++;
 284   2              }
 285   1              else
 286   1              {
 287   2                      tmpH = 0;
 288   2              }
 289   1              refresh_HMS();
 290   1      }
 291          
 292          
 293          /***********************************************************|
 294          | 名称  :| 递减小时
 295          | 参数  :| 无
 296          | 返回值        :| 无
 297          /***********************************************************/
 298          void sub_hour()
 299          {       
 300   1              if (tmpH > 0)
 301   1              {
 302   2                      tmpH--;
C51 COMPILER V9.59.0.0   MENU3                                                             02/10/2021 18:05:45 PAGE 6   

 303   2              }
 304   1              else
 305   1              {
 306   2                      tmpH = 23;
 307   2              }
 308   1              refresh_HMS();
 309   1      }
 310          
 311          
 312          /***********************************************************|
 313          | 名称  :| 递增分
 314          | 参数  :| 无
 315          | 返回值        :| 无
 316          /***********************************************************/
 317          void add_min()
 318          {       
 319   1              if (tmpM < 59)
 320   1              {
 321   2                      tmpM++;
 322   2              }
 323   1              else
 324   1              {
 325   2                      tmpM = 0;
 326   2              }
 327   1              refresh_HMS();  
 328   1      }
 329          
 330          
 331          /***********************************************************|
 332          | 名称  :| 递减分
 333          | 参数  :| 无
 334          | 返回值        :| 无
 335          /***********************************************************/
 336          void sub_min()
 337          {       
 338   1              if (tmpM > 0)
 339   1              {
 340   2                      tmpM--;
 341   2              }
 342   1              else
 343   1              {
 344   2                      tmpM = 59;
 345   2              }
 346   1              refresh_HMS();
 347   1      }
 348          
 349          
 350          /***********************************************************|
 351          | 名称  :| 递增秒
 352          | 参数  :| 无
 353          | 返回值        :| 无
 354          /***********************************************************/
 355          void add_sec()
 356          {       
 357   1              if (tmpS < 59)
 358   1              {
 359   2                      tmpS++;
 360   2              }
 361   1              else
 362   1              {
 363   2                      tmpS = 0;
 364   2              }
C51 COMPILER V9.59.0.0   MENU3                                                             02/10/2021 18:05:45 PAGE 7   

 365   1              refresh_HMS();  
 366   1      }
 367          
 368          
 369          /***********************************************************|
 370          | 名称  :| 递减秒
 371          | 参数  :| 无
 372          | 返回值        :| 无
 373          /***********************************************************/
 374          void sub_sec()
 375          {       
 376   1              if (tmpS > 0)
 377   1              {
 378   2                      tmpS--;
 379   2              }
 380   1              else
 381   1              {
 382   2                      tmpS = 59;
 383   2              }
 384   1              refresh_HMS();
 385   1      }
 386          
 387          
 388          /***********************************************************|
 389          | 名称  :| 递增年
 390          | 参数  :| 无
 391          | 返回值        :| 无
 392          /***********************************************************/
 393          void add_year()
 394          {       
 395   1              if (tmpY < 99)
 396   1              {
 397   2                      tmpY++;
 398   2              }
 399   1              else
 400   1              {
 401   2                      tmpY = 0;
 402   2              }
 403   1              refresh_YMD();  
 404   1      }
 405          
 406          
 407          /***********************************************************|
 408          | 名称  :| 递减年
 409          | 参数  :| 无
 410          | 返回值        :| 无
 411          /***********************************************************/
 412          void sub_year()
 413          {       
 414   1              if (tmpY > 0)
 415   1              {
 416   2                      tmpY--;
 417   2              }
 418   1              else
 419   1              {
 420   2                      tmpY = 99;
 421   2              }
 422   1              refresh_YMD();  
 423   1      }
 424          
 425          
 426          /***********************************************************|
C51 COMPILER V9.59.0.0   MENU3                                                             02/10/2021 18:05:45 PAGE 8   

 427          | 名称  :| 递增月
 428          | 参数  :| 无
 429          | 返回值        :| 无
 430          /***********************************************************/
 431          void add_month()
 432          {       
 433   1              if (tmpY < 12)
 434   1              {
 435   2                      tmpY++;
 436   2              }
 437   1              else
 438   1              {
 439   2                      tmpY = 0;
 440   2              }
 441   1              refresh_YMD();  
 442   1      }
 443          
 444          
 445          /***********************************************************|
 446          | 名称  :| 递减月
 447          | 参数  :| 无
 448          | 返回值        :| 无
 449          /***********************************************************/
 450          void sub_month()
 451          {       
 452   1              if (tmpY > 0)
 453   1              {
 454   2                      tmpY--;
 455   2              }
 456   1              else
 457   1              {
 458   2                      tmpY = 12;
 459   2              }
 460   1              refresh_YMD();  
 461   1      }
 462          
 463          
 464          /***********************************************************|
 465          | 名称  :| 递增日
 466          | 参数  :| 无
 467          | 返回值        :| 无
 468          /***********************************************************/
 469          void add_day()
 470          {       
 471   1              if (tmpY < 31)
 472   1              {
 473   2                      tmpY++;
 474   2              }
 475   1              else
 476   1              {
 477   2                      tmpY = 0;
 478   2              }
 479   1              refresh_YMD();  
 480   1      }
 481          
 482          
 483          /***********************************************************|
 484          | 名称  :| 递减日
 485          | 参数  :| 无
 486          | 返回值        :| 无
 487          /***********************************************************/
 488          void sub_day()
C51 COMPILER V9.59.0.0   MENU3                                                             02/10/2021 18:05:45 PAGE 9   

 489          {       
 490   1              if (tmpY > 0)
 491   1              {
 492   2                      tmpY--;
 493   2              }
 494   1              else
 495   1              {
 496   2                      tmpY = 31;
 497   2              }
 498   1              refresh_YMD();  
 499   1      }
 500          
 501          
 502          /***********************************************************|
 503          | 名称  :| 递增数据
 504          | 参数  :| 无
 505          | 返回值        :| 无
 506          /***********************************************************/
 507          void add_dat()
 508          {
 509   1              switch (arrowPos1)
 510   1              {
 511   2                      case 1:
 512   2                              switch (arrowPos11)
 513   2                              {
 514   3                                      case 1:
 515   3                                              switch (itemIndex)
 516   3                                              {
 517   4                                                      case 1: add_hour(); break;
 518   4                                                      case 2: add_min(); break;
 519   4                                                      case 3: add_sec(); break;
 520   4                                                      default: break;
 521   4                                              }
 522   3                                              break;
 523   3                                      case 2:
 524   3                                              switch (itemIndex)
 525   3                                              {
 526   4                                                      case 1: add_year();  break;
 527   4                                                      case 2: add_month(); break;
 528   4                                                      case 3: add_day();   break;
 529   4                                                      default: break;
 530   4                                              }
 531   3                                              break;
 532   3                                      case 3:
 533   3                                              if (itemIndex == 1)
 534   3                                              {
 535   4      //                                              add_week();
 536   4                                              }
 537   3                                              break;
 538   3                                      default:
 539   3                                              break;
 540   3                              }
 541   2                              break;
 542   2                      case 2:
 543   2                              break;
 544   2                      default:
 545   2                              break;
 546   2              }
 547   1      }
 548          
 549          
 550          /***********************************************************|
C51 COMPILER V9.59.0.0   MENU3                                                             02/10/2021 18:05:45 PAGE 10  

 551          | 名称  :| 递减数据
 552          | 参数  :| 无
 553          | 返回值        :| 无
 554          /***********************************************************/
 555          void sub_dat()
 556          {
 557   1              switch (arrowPos1)
 558   1              {
 559   2                      case 1:
 560   2                              switch (arrowPos11)
 561   2                              {
 562   3                                      case 1:
 563   3                                              switch (itemIndex)
 564   3                                              {
 565   4                                                      case 1: sub_hour(); break;
 566   4                                                      case 2: sub_min(); break;
 567   4                                                      case 3: sub_sec(); break;
 568   4                                                      default: break;
 569   4                                              }
 570   3                                              break;
 571   3                                      case 2:
 572   3                                              switch (itemIndex)
 573   3                                              {
 574   4                                                      case 1: sub_year();  break;
 575   4                                                      case 2: sub_month(); break;
 576   4                                                      case 3: sub_day();   break;
 577   4                                                      default: break;
 578   4                                              }
 579   3                                              break;
 580   3                                      case 3:
 581   3                                              if (itemIndex == 1)
 582   3                                              {
 583   4      //                                              add_week();
 584   4                                              }
 585   3                                              break;
 586   3                                      default:
 587   3                                              break;
 588   3                              }
 589   2                              break;
 590   2                      case 2:
 591   2                              break;
 592   2                      default:
 593   2                              break;
 594   2              }
 595   1      }
 596          
 597          
 598          /***********************************************************|
 599          | 名称  :| 保存数据
 600          | 参数  :| 无
 601          | 返回值        :| 无
 602          /***********************************************************/
 603          void save_dat()
 604          {
 605   1              switch (arrowPos1)
 606   1              {
 607   2                      case 1:
 608   2                              switch (arrowPos11)
 609   2                              {
 610   3                                      case 1:
 611   3                                              switch (itemIndex)
 612   3                                              {
C51 COMPILER V9.59.0.0   MENU3                                                             02/10/2021 18:05:45 PAGE 11  

 613   4                                                      case 1: cntH = tmpH; break;             //保存小时设置
 614   4                                                      case 2: cntM = tmpM; break;             //保存小时分钟          
 615   4                                                      case 3: cntS = tmpS; break;             //保存小时秒数
 616   4                                                      default: break;
 617   4                                              }                                       
 618   3                                              break;
 619   3                                      case 2:
 620   3                                              switch (itemIndex)
 621   3                                              {
 622   4                                                      case 1: year  = tmpY;  break;   //保存年份设置
 623   4                                                      case 2: month = tmpMh; break;   //保存月份设置
 624   4                                                      case 3: day   = tmpD;  break;   //保存日设置
 625   4                                                      default: break;
 626   4                                              }
 627   3                                              break;
 628   3                                      case 3:
 629   3                                              if (itemIndex == 1)
 630   3                                              {
 631   4      //                                              add_week();
 632   4                                              }
 633   3                                              break;
 634   3                                      default:
 635   3                                              break;
 636   3                              }
 637   2                              break;
 638   2                      case 2:
 639   2                              break;
 640   2                      default:
 641   2                              break;
 642   2              }
 643   1              rightKey();
 644   1      }


MODULE INFORMATION:   STATIC OVERLAYABLE
   CODE SIZE        =    934    ----
   CONSTANT SIZE    =    102    ----
   XDATA SIZE       =   ----    ----
   PDATA SIZE       =   ----    ----
   DATA SIZE        =      7    ----
   IDATA SIZE       =   ----    ----
   BIT SIZE         =   ----    ----
END OF MODULE INFORMATION.


C51 COMPILATION COMPLETE.  0 WARNING(S),  0 ERROR(S)
