C51 COMPILER V9.59.0.0   UART                                                              02/10/2021 18:05:44 PAGE 1   


C51 COMPILER V9.59.0.0, COMPILATION OF MODULE UART
OBJECT MODULE PLACED IN .\Objects\uart.obj
COMPILER INVOKED BY: C:\Keil_v5\C51\BIN\C51.EXE uart.c OPTIMIZE(8,SPEED) BROWSE DEBUG OBJECTEXTEND PRINT(.\Listings\uart
                    -.lst) OBJECT(.\Objects\uart.obj)

line level    source

   1          /*
   2                                                  *** 串口通信_c文件 ***
   3          | 适配硬件:| HL-1开发板
   4          ===========================================================*/
   5          
   6          #include "public.h"
   7          
   8          bit flagUartRx = 0;                     //串口接收标志位
   9          u8 rxSbuf[2];                           //串口接收数据缓冲区
  10          
  11          /***********************************************************|
  12          | 名称  :| uart/定时器1初始化
  13          | 参数  :| u16 band     - 串口通信波特率
  14          | 返回值        :| 无
  15          /***********************************************************/
  16          void uart_init(u16 band)
  17          {
  18   1              TH1 = 256 - (11059200/12/32/band);              //计算band波特率下定时器1的重载值
  19   1              TL1 = TH1;                                                              //定时器1装初值
  20   1              
  21   1              TMOD = TMOD & 0x0F | 0x20;                              //保持定时器0设置不变，配置定时器1工作模式2(8位自动重载)
  22   1              SCON = 0x50;                                                    //配置串口通信模式2，使能接收数据
  23   1              ET1 = 0;                                                                //禁用定时器1中断
  24   1              ES = 1;                                                                 //打开uart中断
  25   1              TR1 = 1;                                                                //启动定时器1
  26   1      }
  27          
  28          
  29          /***********************************************************|
  30          | 名称  :| uart发送一个字节数据
  31          | 参数  :| u8 dat       - 待发送一个字节的数据
  32          | 返回值        :| 无
  33          /***********************************************************/
  34          //void uart_txByte(u8 dat)
  35          //{
  36          //      ES = 0;                 //关闭串口中断，防止发送数据时被串口中断打断
  37          //      SBUF = dat;             //将数据送到uart发送缓冲区，发送出去
  38          //      while (~TI);    //等待一个字节数据发送完毕
  39          //      TI = 0;                 //清0串口中断发送标志位
  40          //      ES = 1;                 //打开串口中断
  41          //}
  42          
  43          
  44          /***********************************************************|
  45          | 名称  :| 处理串口接收数据
  46          | 参数  :| u8 dat       - 待发送一个字节的数据
  47          | 返回值        :| 无
  48          /***********************************************************/
  49          void pro_uartRx()
  50          {       
  51   1              switch (rxSbuf[0])
  52   1              {
  53   2                      case 0x26: up_key();            flag_keyAc = 1; break;          //单击【上】上翻菜单标题/递增设置数据
  54   2                      case 0x56: up_keyHold();        flag_keyAc = 1; break;          //持续按下【上】
C51 COMPILER V9.59.0.0   UART                                                              02/10/2021 18:05:44 PAGE 2   

  55   2                      case 0x28: down_key();          flag_keyAc = 1; break;          //单击【下】下翻菜单标题/递减设置数据
  56   2                      case 0x58: down_keyHold();      flag_keyAc = 1; break;          //持续按下【下】
  57   2                      case 0x25: leftKey();           flag_keyAc = 1; break;          //设置项左移
  58   2                      case 0x27: rightKey();          flag_keyAc = 1; break;          //设置项右移
  59   2                      case 0x0D: enter_menu2();       flag_keyAc = 1; break;          //单击【ENTER】进入二级菜单/确认并保存当前设置数据
  60   2                      case 0x2D: enter_set();         flag_keyAc = 1; break;          //长按【ENTER】进入设置
  61   2                      case 0x1B: return_menu();       flag_keyAc = 1; break;          //返回上级菜单
  62   2                      case 0x3B: exit_set();          flag_keyAc = 1; break;          //长按【ESC】退出设置
  63   2                      
  64   2                      case 0xA0:
  65   2                              lcd12864_show_str(0,0, "写");                                           //在Lcd12864屏幕第3行输出提示信息
  66   2                              lcd12864_show_str(7,0, "!!");                   break;          //在Lcd12864屏幕第4行输出提示信息                       
  67   2                      case 0xA1:
  68   2                              lcd12864_show_str(0,0, "读");                                           //在Lcd12864屏幕第3行输出提示信息
  69   2                              lcd12864_show_str(7,0, "!!");                   break;          //在Lcd12864屏幕第4行输出提示信息
  70   2                      
  71   2                      case 0xA2: year  = rxSbuf[1];                           break;          //处理年份数据
  72   2                      case 0xA3: week  = rxSbuf[1];                           break;          //处理星期数据
  73   2                      case 0xA4: month = rxSbuf[1];                           break;          //处理月份数据
  74   2                      case 0xA5: day   = rxSbuf[1];                           break;          //处理日数据
  75   2                      case 0xAB: cntH  = rxSbuf[1];                           break;          //处理小时数据
  76   2                      case 0xAC: cntM  = rxSbuf[1];                           break;          //处理分钟数据
  77   2                      case 0xAD: cntS  = rxSbuf[1];                           break;          //处理秒数据
  78   2                                      
  79   2                      default: break;
  80   2              }
  81   1      }
  82          
  83          
  84          /***********************************************************|
  85          | 名称  :| uart中断服务函数
  86          | 参数  :| 无
  87          | 返回值        :| 无
  88          /***********************************************************/
  89          void uart() interrupt 4
  90          {
  91   1              static bit flagRxCnt = 0;                       //接收次数
  92   1              
  93   1              if (RI)                                         
  94   1              {
  95   2                      RI = 0;
  96   2                      rxSbuf[flagRxCnt] = SBUF;               //将接收的数据放数组中
  97   2                      if (flagRxCnt)                                  //接收次数达2
  98   2                      {
  99   3                              flagUartRx = 1;                         //全部数据接收完成标志位置1             
 100   3                      }
 101   2                      flagRxCnt = ~flagRxCnt;                 //接收次数标志位取反            
 102   2              }
 103   1              
 104   1              if (TI)
 105   1              {
 106   2                      TI = 0;
 107   2              }
 108   1      }


MODULE INFORMATION:   STATIC OVERLAYABLE
   CODE SIZE        =    271    ----
   CONSTANT SIZE    =      9    ----
   XDATA SIZE       =   ----    ----
   PDATA SIZE       =   ----    ----
   DATA SIZE        =      2    ----
C51 COMPILER V9.59.0.0   UART                                                              02/10/2021 18:05:44 PAGE 3   

   IDATA SIZE       =   ----    ----
   BIT SIZE         =      2    ----
END OF MODULE INFORMATION.


C51 COMPILATION COMPLETE.  0 WARNING(S),  0 ERROR(S)
